******************************************************************************
                  TI ARM Linker PC v18.1.3                     
******************************************************************************
>> Linked Wed Feb  9 10:38:04 2022

OUTPUT FILE NAME:   <energy_harvester_ble_app_cc2650_5XD.out>
ENTRY POINT SYMBOL: "ResetISR"  address: 00006a99


MEMORY CONFIGURATION

         name            origin    length      used     unused   attr    fill
----------------------  --------  ---------  --------  --------  ----  --------
  FLASH                 00000000   0000f000  0000b090  00003f70  R  X
  FLASH_LAST_PAGE       0001f000   00001000  00000058  00000fa8  R  X
  SRAM                  20000000   00004348  00002bf7  00001751  RW X


SEGMENT ALLOCATION MAP

run origin  load origin   length   init length attrs members
----------  ----------- ---------- ----------- ----- -------
00000000    00000000    0000abbe   0000abbe    r-x
  00000000    00000000    0000003c   0000003c    r-- .resetVecs
  0000003c    0000003c    000000c4   000000c4    r-x .text.1
  00000100    00000100    0000003c   0000003c    r-- .const:ti_sysbios_knl_Task_Object__PARAMS__C
  0000013c    0000013c    00000034   00000034    r-- .const:ti_sysbios_knl_Mailbox_Object__PARAMS__C
  00000170    00000170    00000030   00000030    r-- .const:ti_sysbios_family_arm_m3_Hwi_Object__PARAMS__C
  000001a0    000001a0    0000002c   0000002c    r-- .const:ti_sysbios_hal_Hwi_Object__PARAMS__C
  000001cc    000001cc    00000028   00000028    r-- .const:ti_sysbios_heaps_HeapMem_Module__FXNS__C
  000001f4    000001f4    00000028   00000028    r-- .const:ti_sysbios_knl_Swi_Object__PARAMS__C
  0000021c    0000021c    00000024   00000024    r-- .const:ti_sysbios_gates_GateHwi_Module__FXNS__C
  00000240    00000240    00000024   00000024    r-- .const:ti_sysbios_gates_GateMutex_Module__FXNS__C
  00000264    00000264    00000024   00000024    r-- .const:ti_sysbios_heaps_HeapMem_Object__PARAMS__C
  00000288    00000288    00000024   00000024    r-- .const:ti_sysbios_knl_Clock_Object__PARAMS__C
  000002ac    000002ac    00000024   00000024    r-- .const:ti_sysbios_knl_Semaphore_Object__PARAMS__C
  000002d0    000002d0    00000020   00000020    r-- .const:ti_sysbios_family_arm_m3_Hwi_Object__DESC__C
  000002f0    000002f0    00000020   00000020    r-- .const:ti_sysbios_gates_GateHwi_Object__DESC__C
  00000310    00000310    00000020   00000020    r-- .const:ti_sysbios_gates_GateMutex_Object__DESC__C
  00000330    00000330    00000020   00000020    r-- .const:ti_sysbios_hal_Hwi_Object__DESC__C
  00000350    00000350    00000020   00000020    r-- .const:ti_sysbios_heaps_HeapMem_Object__DESC__C
  00000370    00000370    00000020   00000020    r-- .const:ti_sysbios_knl_Clock_Object__DESC__C
  00000390    00000390    00000020   00000020    r-- .const:ti_sysbios_knl_Mailbox_Object__DESC__C
  000003b0    000003b0    00000020   00000020    r-- .const:ti_sysbios_knl_Queue_Object__DESC__C
  000003d0    000003d0    00000020   00000020    r-- .const:ti_sysbios_knl_Semaphore_Object__DESC__C
  000003f0    000003f0    00000020   00000020    r-- .const:ti_sysbios_knl_Swi_Object__DESC__C
  00000410    00000410    00000020   00000020    r-- .const:ti_sysbios_knl_Task_Object__DESC__C
  00000430    00000430    00000018   00000018    r-- .const:ti_sysbios_gates_GateHwi_Object__PARAMS__C
  00000448    00000448    00000018   00000018    r-- .const:ti_sysbios_gates_GateMutex_Object__PARAMS__C
  00000460    00000460    00000018   00000018    r-- .const:ti_sysbios_knl_Queue_Object__PARAMS__C
  00000478    00000478    00000008   00000008    r-- .const:ti_sysbios_knl_Idle_funcList__C
  00000480    00000480    00000004   00000004    r-x .text.2
  00000484    00000484    00000004   00000004    r-- .const:ti_sysbios_family_arm_cc26xx_Timer_startupNeeded__C
  00000488    00000488    00000004   00000004    r-- .const:ti_sysbios_family_arm_m3_Hwi_E_alreadyDefined__C
  0000048c    0000048c    00000004   00000004    r-- .const:ti_sysbios_family_arm_m3_Hwi_E_hwiLimitExceeded__C
  00000490    00000490    00000004   00000004    r-- .const:ti_sysbios_family_arm_m3_Hwi_NUM_INTERRUPTS__C
  00000494    00000494    00000004   00000004    r-- .const:ti_sysbios_family_arm_m3_Hwi_Object__count__C
  00000498    00000498    00000004   00000004    r-- .const:ti_sysbios_family_arm_m3_Hwi_Object__table__C
  0000049c    0000049c    00000004   00000004    r-- .const:ti_sysbios_family_arm_m3_Hwi_ccr__C
  000004a0    000004a0    00000004   00000004    r-- .const:ti_sysbios_family_arm_m3_Hwi_excHandlerFunc__C
  000004a4    000004a4    00000004   00000004    r-- .const:ti_sysbios_family_arm_m3_Hwi_nullIsrFunc__C
  000004a8    000004a8    00000004   00000004    r-- .const:ti_sysbios_family_arm_m3_Hwi_numSparseInterrupts__C
  000004ac    000004ac    00000004   00000004    r-- .const:ti_sysbios_family_arm_m3_Hwi_priGroup__C
  000004b0    000004b0    00000004   00000004    r-- .const:ti_sysbios_family_arm_m3_TaskSupport_stackAlignment__C
  000004b4    000004b4    00000004   00000004    r-- .const:ti_sysbios_heaps_HeapMem_E_memory__C
  000004b8    000004b8    00000004   00000004    r-- .const:ti_sysbios_heaps_HeapMem_Module__gateObj__C
  000004bc    000004bc    00000004   00000004    r-- .const:ti_sysbios_heaps_HeapMem_Object__count__C
  000004c0    000004c0    00000004   00000004    r-- .const:ti_sysbios_heaps_HeapMem_Object__table__C
  000004c4    000004c4    00000004   00000004    r-- .const:ti_sysbios_heaps_HeapMem_reqAlign__C
  000004c8    000004c8    00000004   00000004    r-- .const:ti_sysbios_knl_Clock_serviceMargin__C
  000004cc    000004cc    00000004   00000004    r-- .const:ti_sysbios_knl_Mailbox_Object__count__C
  000004d0    000004d0    00000004   00000004    r-- .const:ti_sysbios_knl_Mailbox_Object__table__C
  000004d4    000004d4    00000004   00000004    r-- .const:ti_sysbios_knl_Queue_Object__count__C
  000004d8    000004d8    00000004   00000004    r-- .const:ti_sysbios_knl_Queue_Object__table__C
  000004dc    000004dc    00000004   00000004    r-- .const:ti_sysbios_knl_Swi_Object__count__C
  000004e0    000004e0    00000004   00000004    r-- .const:ti_sysbios_knl_Swi_Object__table__C
  000004e4    000004e4    00000004   00000004    r-- .const:ti_sysbios_knl_Swi_numPriorities__C
  000004e8    000004e8    00000004   00000004    r-- .const:ti_sysbios_knl_Task_Object__count__C
  000004ec    000004ec    00000004   00000004    r-- .const:ti_sysbios_knl_Task_Object__table__C
  000004f0    000004f0    00000004   00000004    r-- .const:ti_sysbios_knl_Task_allBlockedFunc__C
  000004f4    000004f4    00000004   00000004    r-- .const:ti_sysbios_knl_Task_defaultStackHeap__C
  000004f8    000004f8    00000004   00000004    r-- .const:ti_sysbios_knl_Task_defaultStackSize__C
  000004fc    000004fc    00000004   00000004    r-- .const:ti_sysbios_knl_Task_numConstructedTasks__C
  00000500    00000500    00000002   00000002    r-x .text.3
  00000502    00000502    00000002   00000002    r-- .const:ti_sysbios_family_arm_cc26xx_Timer_Module__id__C
  00000504    00000504    00000002   00000002    r-- .const:ti_sysbios_family_arm_cc26xx_TimestampProvider_useClockTimer__C
  00000506    00000506    00000002   00000002    r-- .const:ti_sysbios_family_arm_m3_Hwi_Module__id__C
  00000508    00000508    00000002   00000002    r-- .const:ti_sysbios_gates_GateHwi_Module__id__C
  0000050a    0000050a    00000002   00000002    r-- .const:ti_sysbios_gates_GateMutex_Module__id__C
  0000050c    0000050c    00000002   00000002    r-- .const:ti_sysbios_heaps_HeapMem_Module__id__C
  0000050e    0000050e    00000002   00000002    r-- .const:ti_sysbios_knl_Task_initStackFlag__C
  00000510    00000510    00000001   00000001    r-- .const:ti_sysbios_knl_Clock_tickMode__C
  00000514    00000514    00000008   00000008    r-- .const:xdc_runtime_Startup_firstFxns__C
  0000051c    0000051c    00000008   00000008    r-- .const:xdc_runtime_Startup_lastFxns__C
  00000524    00000524    00000004   00000004    r-- .const:xdc_runtime_Assert_E_assertFailed__C
  00000528    00000528    00000004   00000004    r-- .const:xdc_runtime_Error_E_memory__C
  0000052c    0000052c    00000004   00000004    r-- .const:xdc_runtime_Error_policyFxn__C
  00000530    00000530    00000004   00000004    r-- .const:xdc_runtime_IGateProvider_Interface__BASE__C
  00000534    00000534    00000004   00000004    r-- .const:xdc_runtime_IHeap_Interface__BASE__C
  00000538    00000538    00000004   00000004    r-- .const:xdc_runtime_IModule_Interface__BASE__C
  0000053c    0000053c    00000004   00000004    r-- .const:xdc_runtime_Main_Module__diagsEnabled__C
  00000540    00000540    00000004   00000004    r-- .const:xdc_runtime_Main_Module__diagsIncluded__C
  00000544    00000544    00000004   00000004    r-- .const:xdc_runtime_Main_Module__diagsMask__C
  00000548    00000548    00000004   00000004    r-- .const:xdc_runtime_Memory_defaultHeapInstance__C
  0000054c    0000054c    00000004   00000004    r-- .const:xdc_runtime_Startup_execImpl__C
  00000550    00000550    00000004   00000004    r-- .const:xdc_runtime_Startup_maxPasses__C
  00000554    00000554    00000004   00000004    r-- .const:xdc_runtime_Startup_sfxnRts__C
  00000558    00000558    00000004   00000004    r-- .const:xdc_runtime_Startup_sfxnTab__C
  0000055c    0000055c    00000004   00000004    r-- .const:xdc_runtime_Startup_startModsFxn__C
  00000560    00000560    00000004   00000004    r-- .const:xdc_runtime_SysCallback_abortFxn__C
  00000564    00000564    00000004   00000004    r-- .const:xdc_runtime_SysCallback_exitFxn__C
  00000568    00000568    00000004   00000004    r-- .const:xdc_runtime_System_abortFxn__C
  0000056c    0000056c    00000004   00000004    r-- .const:xdc_runtime_System_exitFxn__C
  00000570    00000570    00000004   00000004    r-- .const:xdc_runtime_System_maxAtexitHandlers__C
  00000574    00000574    00000004   00000004    r-- .const:xdc_runtime_Text_charTab__C
  00000578    00000578    00000004   00000004    r-- .const:xdc_runtime_Text_nameEmpty__C
  0000057c    0000057c    00000004   00000004    r-- .const:xdc_runtime_Text_nameStatic__C
  00000580    00000580    00000004   00000004    r-- .const:xdc_runtime_Text_nameUnknown__C
  00000584    00000584    00000002   00000002    r-- .const:xdc_runtime_Main_Module__id__C
  00000586    00000586    00000002   00000002    r-- .const:xdc_runtime_Memory_Module__id__C
  00000588    00000588    00000002   00000002    r-- .const:xdc_runtime_Text_charCnt__C
  0000058a    0000058a    00000002   00000002    r-- .const:xdc_runtime_Text_isLoaded__C
  0000058c    0000058c    00000001   00000001    r-- .const:xdc_runtime_Error_policy__C
  00000590    00000590    00000004   00000004    r-- .const:ti_sysbios_rom_ROM_AONRTCChannelEnable
  00000594    00000594    00000004   00000004    r-- .const:ti_sysbios_rom_ROM_AONRTCCompareValueSet
  00000598    00000598    00000004   00000004    r-- .const:ti_sysbios_rom_ROM_AONRTCCurrentCompareValueGet
  0000059c    0000059c    00000004   00000004    r-- .const:ti_sysbios_rom_ROM_AONRTCEventClear
  000005a0    000005a0    00000004   00000004    r-- .const:ti_sysbios_rom_ROM_ti_sysbios_family_arm_cc26xx_Timer_getCount64__E
  000005a4    000005a4    00000004   00000004    r-- .const:ti_sysbios_rom_ROM_ti_sysbios_family_arm_cc26xx_Timer_getCurrentTick__E
  000005a8    000005a8    00000004   00000004    r-- .const:ti_sysbios_rom_ROM_ti_sysbios_family_arm_cc26xx_Timer_getMaxTicks__E
  000005ac    000005ac    00000004   00000004    r-- .const:ti_sysbios_rom_ROM_ti_sysbios_family_arm_cc26xx_Timer_initDevice__I
  000005b0    000005b0    00000004   00000004    r-- .const:ti_sysbios_rom_ROM_ti_sysbios_family_arm_cc26xx_Timer_setNextTick__E
  000005b4    000005b4    00000004   00000004    r-- .const:ti_sysbios_rom_ROM_ti_sysbios_family_arm_cc26xx_Timer_setThreshold__I
  000005b8    000005b8    00000004   00000004    r-- .const:ti_sysbios_rom_ROM_ti_sysbios_family_arm_cc26xx_Timer_start__E
  000005bc    000005bc    00000004   00000004    r-- .const:ti_sysbios_rom_ROM_ti_sysbios_family_arm_cc26xx_TimestampProvider_get32__E
  000005c0    000005c0    00000004   00000004    r-- .const:ti_sysbios_rom_ROM_xdc_runtime_Startup_getState__I
  000005c4    000005c4    00000004   00000004    r-- .const:ti_sysbios_rom_ROM_xdc_runtime_System_SupportProxy_abort__E
  000005c8    000005c8    00000004   00000004    r-- .const:ti_sysbios_rom_ROM_xdc_runtime_System_SupportProxy_exit__E
  000005cc    000005cc    00000004   00000004    r-- .const:ti_sysbios_gates_GateMutex_Instance_State_sem__O
  000005d0    000005d0    00000004   00000004    r-- .const:ti_sysbios_knl_Clock_Module_State_clockQ__O
  000005d4    000005d4    00000004   00000004    r-- .const:ti_sysbios_knl_Mailbox_Instance_State_dataQue__O
  000005d8    000005d8    00000004   00000004    r-- .const:ti_sysbios_knl_Mailbox_Instance_State_dataSem__O
  000005dc    000005dc    00000004   00000004    r-- .const:ti_sysbios_knl_Mailbox_Instance_State_freeQue__O
  000005e0    000005e0    00000004   00000004    r-- .const:ti_sysbios_knl_Mailbox_Instance_State_freeSem__O
  000005e4    000005e4    00000004   00000004    r-- .const:ti_sysbios_knl_Semaphore_Instance_State_pendQ__O
  000005e8    000005e8    00000004   00000004    r-- .const:ti_sysbios_knl_Task_Module_State_inactiveQ__O
  000005ec    000005ec    000086d8   000086d8    r-x .text.4
  00008cc4    00008cc4    00001efa   00001efa    r-- .const
0000abc0    0000abc0    00000008   00000008    rw-
  0000abc0    0000abc0    00000008   00000008    rw- .args
0000abc8    0000abc8    000004d0   000004d0    r--
  0000abc8    0000abc8    000004d0   000004d0    r-- .cinit
0001ffa8    0001ffa8    00000058   00000058    r--
  0001ffa8    0001ffa8    00000058   00000058    r-- .ccfg
20000100    20000100    00002733   00000000    rw-
  20000100    20000100    00000044   00000000    rw- .data:ti_sysbios_knl_Task_Module__state__V
  20000144    20000144    00000034   00000000    rw- .data:ti_sysbios_family_arm_m3_Hwi_Module__state__V
  20000178    20000178    0000002c   00000000    rw- .data:ti_sysbios_knl_Clock_Module__state__V
  200001a4    200001a4    00000024   00000000    rw- .data:ti_sysbios_BIOS_Module__state__V
  200001c8    200001c8    0000001c   00000000    rw- .data:ti_sysbios_knl_Swi_Module__state__V
  200001e4    200001e4    00000008   00000000    rw- .data:ti_sysbios_family_arm_cc26xx_Timer_Module__state__V
  200001ec    200001ec    00000004   00000000    rw- .data:ti_sysbios_family_arm_cc26xx_TimestampProvider_Module__state__V
  200001f0    200001f0    00000008   00000000    rw- .data:xdc_runtime_Startup_Module__state__V
  200001f8    200001f8    00000008   00000000    rw- .data:xdc_runtime_System_Module__state__V
  20000200    20000200    00000004   00000000    rw- .data:xdc_runtime_Memory_Module__state__V
  20000208    20000208    00001846   00000000    rw- .data
  20001a50    20001a50    00000de3   00000000    rw- .bss
20003f48    20003f48    00000400   00000000    rw-
  20003f48    20003f48    00000400   00000000    rw- .stack


SECTION ALLOCATION MAP

 output                                  attributes/
section   page    origin      length       input sections
--------  ----  ----------  ----------   ----------------
.text.1    0    0000003c    000000c4     
                  0000003c    000000c0     adc_service.obj (.text:adc_service_ReadAttrCB$10)
                  000000fc    00000004     icall.obj (.text:ICall_primAbort$6)

.const:ti_sysbios_knl_Task_Object__PARAMS__C 
*          0    00000100    0000003c     
                  00000100    0000003c     app_ble_uartlog_pem3.oem3 (.const:ti_sysbios_knl_Task_Object__PARAMS__C)

.const:ti_sysbios_knl_Mailbox_Object__PARAMS__C 
*          0    0000013c    00000034     
                  0000013c    00000034     app_ble_uartlog_pem3.oem3 (.const:ti_sysbios_knl_Mailbox_Object__PARAMS__C)

.const:ti_sysbios_family_arm_m3_Hwi_Object__PARAMS__C 
*          0    00000170    00000030     
                  00000170    00000030     app_ble_uartlog_pem3.oem3 (.const:ti_sysbios_family_arm_m3_Hwi_Object__PARAMS__C)

.const:ti_sysbios_hal_Hwi_Object__PARAMS__C 
*          0    000001a0    0000002c     
                  000001a0    0000002c     app_ble_uartlog_pem3.oem3 (.const:ti_sysbios_hal_Hwi_Object__PARAMS__C)

.const:ti_sysbios_heaps_HeapMem_Module__FXNS__C 
*          0    000001cc    00000028     
                  000001cc    00000028     app_ble_uartlog_pem3.oem3 (.const:ti_sysbios_heaps_HeapMem_Module__FXNS__C)

.const:ti_sysbios_knl_Swi_Object__PARAMS__C 
*          0    000001f4    00000028     
                  000001f4    00000028     app_ble_uartlog_pem3.oem3 (.const:ti_sysbios_knl_Swi_Object__PARAMS__C)

.const:ti_sysbios_gates_GateHwi_Module__FXNS__C 
*          0    0000021c    00000024     
                  0000021c    00000024     app_ble_uartlog_pem3.oem3 (.const:ti_sysbios_gates_GateHwi_Module__FXNS__C)

.const:ti_sysbios_gates_GateMutex_Module__FXNS__C 
*          0    00000240    00000024     
                  00000240    00000024     app_ble_uartlog_pem3.oem3 (.const:ti_sysbios_gates_GateMutex_Module__FXNS__C)

.const:ti_sysbios_heaps_HeapMem_Object__PARAMS__C 
*          0    00000264    00000024     
                  00000264    00000024     app_ble_uartlog_pem3.oem3 (.const:ti_sysbios_heaps_HeapMem_Object__PARAMS__C)

.const:ti_sysbios_knl_Clock_Object__PARAMS__C 
*          0    00000288    00000024     
                  00000288    00000024     app_ble_uartlog_pem3.oem3 (.const:ti_sysbios_knl_Clock_Object__PARAMS__C)

.const:ti_sysbios_knl_Semaphore_Object__PARAMS__C 
*          0    000002ac    00000024     
                  000002ac    00000024     app_ble_uartlog_pem3.oem3 (.const:ti_sysbios_knl_Semaphore_Object__PARAMS__C)

.const:ti_sysbios_family_arm_m3_Hwi_Object__DESC__C 
*          0    000002d0    00000020     
                  000002d0    00000020     app_ble_uartlog_pem3.oem3 (.const:ti_sysbios_family_arm_m3_Hwi_Object__DESC__C)

.const:ti_sysbios_gates_GateHwi_Object__DESC__C 
*          0    000002f0    00000020     
                  000002f0    00000020     app_ble_uartlog_pem3.oem3 (.const:ti_sysbios_gates_GateHwi_Object__DESC__C)

.const:ti_sysbios_gates_GateMutex_Object__DESC__C 
*          0    00000310    00000020     
                  00000310    00000020     app_ble_uartlog_pem3.oem3 (.const:ti_sysbios_gates_GateMutex_Object__DESC__C)

.const:ti_sysbios_hal_Hwi_Object__DESC__C 
*          0    00000330    00000020     
                  00000330    00000020     app_ble_uartlog_pem3.oem3 (.const:ti_sysbios_hal_Hwi_Object__DESC__C)

.const:ti_sysbios_heaps_HeapMem_Object__DESC__C 
*          0    00000350    00000020     
                  00000350    00000020     app_ble_uartlog_pem3.oem3 (.const:ti_sysbios_heaps_HeapMem_Object__DESC__C)

.const:ti_sysbios_knl_Clock_Object__DESC__C 
*          0    00000370    00000020     
                  00000370    00000020     app_ble_uartlog_pem3.oem3 (.const:ti_sysbios_knl_Clock_Object__DESC__C)

.const:ti_sysbios_knl_Mailbox_Object__DESC__C 
*          0    00000390    00000020     
                  00000390    00000020     app_ble_uartlog_pem3.oem3 (.const:ti_sysbios_knl_Mailbox_Object__DESC__C)

.const:ti_sysbios_knl_Queue_Object__DESC__C 
*          0    000003b0    00000020     
                  000003b0    00000020     app_ble_uartlog_pem3.oem3 (.const:ti_sysbios_knl_Queue_Object__DESC__C)

.const:ti_sysbios_knl_Semaphore_Object__DESC__C 
*          0    000003d0    00000020     
                  000003d0    00000020     app_ble_uartlog_pem3.oem3 (.const:ti_sysbios_knl_Semaphore_Object__DESC__C)

.const:ti_sysbios_knl_Swi_Object__DESC__C 
*          0    000003f0    00000020     
                  000003f0    00000020     app_ble_uartlog_pem3.oem3 (.const:ti_sysbios_knl_Swi_Object__DESC__C)

.const:ti_sysbios_knl_Task_Object__DESC__C 
*          0    00000410    00000020     
                  00000410    00000020     app_ble_uartlog_pem3.oem3 (.const:ti_sysbios_knl_Task_Object__DESC__C)

.const:ti_sysbios_gates_GateHwi_Object__PARAMS__C 
*          0    00000430    00000018     
                  00000430    00000018     app_ble_uartlog_pem3.oem3 (.const:ti_sysbios_gates_GateHwi_Object__PARAMS__C)

.const:ti_sysbios_gates_GateMutex_Object__PARAMS__C 
*          0    00000448    00000018     
                  00000448    00000018     app_ble_uartlog_pem3.oem3 (.const:ti_sysbios_gates_GateMutex_Object__PARAMS__C)

.const:ti_sysbios_knl_Queue_Object__PARAMS__C 
*          0    00000460    00000018     
                  00000460    00000018     app_ble_uartlog_pem3.oem3 (.const:ti_sysbios_knl_Queue_Object__PARAMS__C)

.const:ti_sysbios_knl_Idle_funcList__C 
*          0    00000478    00000008     
                  00000478    00000008     app_ble_uartlog_pem3.oem3 (.const:ti_sysbios_knl_Idle_funcList__C)

.text.2    0    00000480    00000004     
                  00000480    00000004     drivers_cc26xxware.aem3 : List.oem3 (.text:List_head)

.const:ti_sysbios_family_arm_cc26xx_Timer_startupNeeded__C 
*          0    00000484    00000004     
                  00000484    00000004     app_ble_uartlog_pem3.oem3 (.const:ti_sysbios_family_arm_cc26xx_Timer_startupNeeded__C)

.const:ti_sysbios_family_arm_m3_Hwi_E_alreadyDefined__C 
*          0    00000488    00000004     
                  00000488    00000004     app_ble_uartlog_pem3.oem3 (.const:ti_sysbios_family_arm_m3_Hwi_E_alreadyDefined__C)

.const:ti_sysbios_family_arm_m3_Hwi_E_hwiLimitExceeded__C 
*          0    0000048c    00000004     
                  0000048c    00000004     app_ble_uartlog_pem3.oem3 (.const:ti_sysbios_family_arm_m3_Hwi_E_hwiLimitExceeded__C)

.const:ti_sysbios_family_arm_m3_Hwi_NUM_INTERRUPTS__C 
*          0    00000490    00000004     
                  00000490    00000004     app_ble_uartlog_pem3.oem3 (.const:ti_sysbios_family_arm_m3_Hwi_NUM_INTERRUPTS__C)

.const:ti_sysbios_family_arm_m3_Hwi_Object__count__C 
*          0    00000494    00000004     
                  00000494    00000004     app_ble_uartlog_pem3.oem3 (.const:ti_sysbios_family_arm_m3_Hwi_Object__count__C)

.const:ti_sysbios_family_arm_m3_Hwi_Object__table__C 
*          0    00000498    00000004     
                  00000498    00000004     app_ble_uartlog_pem3.oem3 (.const:ti_sysbios_family_arm_m3_Hwi_Object__table__C)

.const:ti_sysbios_family_arm_m3_Hwi_ccr__C 
*          0    0000049c    00000004     
                  0000049c    00000004     app_ble_uartlog_pem3.oem3 (.const:ti_sysbios_family_arm_m3_Hwi_ccr__C)

.const:ti_sysbios_family_arm_m3_Hwi_excHandlerFunc__C 
*          0    000004a0    00000004     
                  000004a0    00000004     app_ble_uartlog_pem3.oem3 (.const:ti_sysbios_family_arm_m3_Hwi_excHandlerFunc__C)

.const:ti_sysbios_family_arm_m3_Hwi_nullIsrFunc__C 
*          0    000004a4    00000004     
                  000004a4    00000004     app_ble_uartlog_pem3.oem3 (.const:ti_sysbios_family_arm_m3_Hwi_nullIsrFunc__C)

.const:ti_sysbios_family_arm_m3_Hwi_numSparseInterrupts__C 
*          0    000004a8    00000004     
                  000004a8    00000004     app_ble_uartlog_pem3.oem3 (.const:ti_sysbios_family_arm_m3_Hwi_numSparseInterrupts__C)

.const:ti_sysbios_family_arm_m3_Hwi_priGroup__C 
*          0    000004ac    00000004     
                  000004ac    00000004     app_ble_uartlog_pem3.oem3 (.const:ti_sysbios_family_arm_m3_Hwi_priGroup__C)

.const:ti_sysbios_family_arm_m3_TaskSupport_stackAlignment__C 
*          0    000004b0    00000004     
                  000004b0    00000004     app_ble_uartlog_pem3.oem3 (.const:ti_sysbios_family_arm_m3_TaskSupport_stackAlignment__C)

.const:ti_sysbios_heaps_HeapMem_E_memory__C 
*          0    000004b4    00000004     
                  000004b4    00000004     app_ble_uartlog_pem3.oem3 (.const:ti_sysbios_heaps_HeapMem_E_memory__C)

.const:ti_sysbios_heaps_HeapMem_Module__gateObj__C 
*          0    000004b8    00000004     
                  000004b8    00000004     app_ble_uartlog_pem3.oem3 (.const:ti_sysbios_heaps_HeapMem_Module__gateObj__C)

.const:ti_sysbios_heaps_HeapMem_Object__count__C 
*          0    000004bc    00000004     
                  000004bc    00000004     app_ble_uartlog_pem3.oem3 (.const:ti_sysbios_heaps_HeapMem_Object__count__C)

.const:ti_sysbios_heaps_HeapMem_Object__table__C 
*          0    000004c0    00000004     
                  000004c0    00000004     app_ble_uartlog_pem3.oem3 (.const:ti_sysbios_heaps_HeapMem_Object__table__C)

.const:ti_sysbios_heaps_HeapMem_reqAlign__C 
*          0    000004c4    00000004     
                  000004c4    00000004     app_ble_uartlog_pem3.oem3 (.const:ti_sysbios_heaps_HeapMem_reqAlign__C)

.const:ti_sysbios_knl_Clock_serviceMargin__C 
*          0    000004c8    00000004     
                  000004c8    00000004     app_ble_uartlog_pem3.oem3 (.const:ti_sysbios_knl_Clock_serviceMargin__C)

.const:ti_sysbios_knl_Mailbox_Object__count__C 
*          0    000004cc    00000004     
                  000004cc    00000004     app_ble_uartlog_pem3.oem3 (.const:ti_sysbios_knl_Mailbox_Object__count__C)

.const:ti_sysbios_knl_Mailbox_Object__table__C 
*          0    000004d0    00000004     
                  000004d0    00000004     app_ble_uartlog_pem3.oem3 (.const:ti_sysbios_knl_Mailbox_Object__table__C)

.const:ti_sysbios_knl_Queue_Object__count__C 
*          0    000004d4    00000004     
                  000004d4    00000004     app_ble_uartlog_pem3.oem3 (.const:ti_sysbios_knl_Queue_Object__count__C)

.const:ti_sysbios_knl_Queue_Object__table__C 
*          0    000004d8    00000004     
                  000004d8    00000004     app_ble_uartlog_pem3.oem3 (.const:ti_sysbios_knl_Queue_Object__table__C)

.const:ti_sysbios_knl_Swi_Object__count__C 
*          0    000004dc    00000004     
                  000004dc    00000004     app_ble_uartlog_pem3.oem3 (.const:ti_sysbios_knl_Swi_Object__count__C)

.const:ti_sysbios_knl_Swi_Object__table__C 
*          0    000004e0    00000004     
                  000004e0    00000004     app_ble_uartlog_pem3.oem3 (.const:ti_sysbios_knl_Swi_Object__table__C)

.const:ti_sysbios_knl_Swi_numPriorities__C 
*          0    000004e4    00000004     
                  000004e4    00000004     app_ble_uartlog_pem3.oem3 (.const:ti_sysbios_knl_Swi_numPriorities__C)

.const:ti_sysbios_knl_Task_Object__count__C 
*          0    000004e8    00000004     
                  000004e8    00000004     app_ble_uartlog_pem3.oem3 (.const:ti_sysbios_knl_Task_Object__count__C)

.const:ti_sysbios_knl_Task_Object__table__C 
*          0    000004ec    00000004     
                  000004ec    00000004     app_ble_uartlog_pem3.oem3 (.const:ti_sysbios_knl_Task_Object__table__C)

.const:ti_sysbios_knl_Task_allBlockedFunc__C 
*          0    000004f0    00000004     
                  000004f0    00000004     app_ble_uartlog_pem3.oem3 (.const:ti_sysbios_knl_Task_allBlockedFunc__C)

.const:ti_sysbios_knl_Task_defaultStackHeap__C 
*          0    000004f4    00000004     
                  000004f4    00000004     app_ble_uartlog_pem3.oem3 (.const:ti_sysbios_knl_Task_defaultStackHeap__C)

.const:ti_sysbios_knl_Task_defaultStackSize__C 
*          0    000004f8    00000004     
                  000004f8    00000004     app_ble_uartlog_pem3.oem3 (.const:ti_sysbios_knl_Task_defaultStackSize__C)

.const:ti_sysbios_knl_Task_numConstructedTasks__C 
*          0    000004fc    00000004     
                  000004fc    00000004     app_ble_uartlog_pem3.oem3 (.const:ti_sysbios_knl_Task_numConstructedTasks__C)

.text.3    0    00000500    00000002     
                  00000500    00000002     ble_user_config.obj (.text:DefaultAssertCback)

.const:ti_sysbios_family_arm_cc26xx_Timer_Module__id__C 
*          0    00000502    00000002     
                  00000502    00000002     app_ble_uartlog_pem3.oem3 (.const:ti_sysbios_family_arm_cc26xx_Timer_Module__id__C)

.const:ti_sysbios_family_arm_cc26xx_TimestampProvider_useClockTimer__C 
*          0    00000504    00000002     
                  00000504    00000002     app_ble_uartlog_pem3.oem3 (.const:ti_sysbios_family_arm_cc26xx_TimestampProvider_useClockTimer__C)

.const:ti_sysbios_family_arm_m3_Hwi_Module__id__C 
*          0    00000506    00000002     
                  00000506    00000002     app_ble_uartlog_pem3.oem3 (.const:ti_sysbios_family_arm_m3_Hwi_Module__id__C)

.const:ti_sysbios_gates_GateHwi_Module__id__C 
*          0    00000508    00000002     
                  00000508    00000002     app_ble_uartlog_pem3.oem3 (.const:ti_sysbios_gates_GateHwi_Module__id__C)

.const:ti_sysbios_gates_GateMutex_Module__id__C 
*          0    0000050a    00000002     
                  0000050a    00000002     app_ble_uartlog_pem3.oem3 (.const:ti_sysbios_gates_GateMutex_Module__id__C)

.const:ti_sysbios_heaps_HeapMem_Module__id__C 
*          0    0000050c    00000002     
                  0000050c    00000002     app_ble_uartlog_pem3.oem3 (.const:ti_sysbios_heaps_HeapMem_Module__id__C)

.const:ti_sysbios_knl_Task_initStackFlag__C 
*          0    0000050e    00000002     
                  0000050e    00000002     app_ble_uartlog_pem3.oem3 (.const:ti_sysbios_knl_Task_initStackFlag__C)

.const:ti_sysbios_knl_Clock_tickMode__C 
*          0    00000510    00000001     
                  00000510    00000001     app_ble_uartlog_pem3.oem3 (.const:ti_sysbios_knl_Clock_tickMode__C)

.const:xdc_runtime_Startup_firstFxns__C 
*          0    00000514    00000008     
                  00000514    00000008     app_ble_uartlog_pem3.oem3 (.const:xdc_runtime_Startup_firstFxns__C)

.const:xdc_runtime_Startup_lastFxns__C 
*          0    0000051c    00000008     
                  0000051c    00000008     app_ble_uartlog_pem3.oem3 (.const:xdc_runtime_Startup_lastFxns__C)

.const:xdc_runtime_Assert_E_assertFailed__C 
*          0    00000524    00000004     
                  00000524    00000004     app_ble_uartlog_pem3.oem3 (.const:xdc_runtime_Assert_E_assertFailed__C)

.const:xdc_runtime_Error_E_memory__C 
*          0    00000528    00000004     
                  00000528    00000004     app_ble_uartlog_pem3.oem3 (.const:xdc_runtime_Error_E_memory__C)

.const:xdc_runtime_Error_policyFxn__C 
*          0    0000052c    00000004     
                  0000052c    00000004     app_ble_uartlog_pem3.oem3 (.const:xdc_runtime_Error_policyFxn__C)

.const:xdc_runtime_IGateProvider_Interface__BASE__C 
*          0    00000530    00000004     
                  00000530    00000004     app_ble_uartlog_pem3.oem3 (.const:xdc_runtime_IGateProvider_Interface__BASE__C)

.const:xdc_runtime_IHeap_Interface__BASE__C 
*          0    00000534    00000004     
                  00000534    00000004     app_ble_uartlog_pem3.oem3 (.const:xdc_runtime_IHeap_Interface__BASE__C)

.const:xdc_runtime_IModule_Interface__BASE__C 
*          0    00000538    00000004     
                  00000538    00000004     app_ble_uartlog_pem3.oem3 (.const:xdc_runtime_IModule_Interface__BASE__C)

.const:xdc_runtime_Main_Module__diagsEnabled__C 
*          0    0000053c    00000004     
                  0000053c    00000004     app_ble_uartlog_pem3.oem3 (.const:xdc_runtime_Main_Module__diagsEnabled__C)

.const:xdc_runtime_Main_Module__diagsIncluded__C 
*          0    00000540    00000004     
                  00000540    00000004     app_ble_uartlog_pem3.oem3 (.const:xdc_runtime_Main_Module__diagsIncluded__C)

.const:xdc_runtime_Main_Module__diagsMask__C 
*          0    00000544    00000004     
                  00000544    00000004     app_ble_uartlog_pem3.oem3 (.const:xdc_runtime_Main_Module__diagsMask__C)

.const:xdc_runtime_Memory_defaultHeapInstance__C 
*          0    00000548    00000004     
                  00000548    00000004     app_ble_uartlog_pem3.oem3 (.const:xdc_runtime_Memory_defaultHeapInstance__C)

.const:xdc_runtime_Startup_execImpl__C 
*          0    0000054c    00000004     
                  0000054c    00000004     app_ble_uartlog_pem3.oem3 (.const:xdc_runtime_Startup_execImpl__C)

.const:xdc_runtime_Startup_maxPasses__C 
*          0    00000550    00000004     
                  00000550    00000004     app_ble_uartlog_pem3.oem3 (.const:xdc_runtime_Startup_maxPasses__C)

.const:xdc_runtime_Startup_sfxnRts__C 
*          0    00000554    00000004     
                  00000554    00000004     app_ble_uartlog_pem3.oem3 (.const:xdc_runtime_Startup_sfxnRts__C)

.const:xdc_runtime_Startup_sfxnTab__C 
*          0    00000558    00000004     
                  00000558    00000004     app_ble_uartlog_pem3.oem3 (.const:xdc_runtime_Startup_sfxnTab__C)

.const:xdc_runtime_Startup_startModsFxn__C 
*          0    0000055c    00000004     
                  0000055c    00000004     app_ble_uartlog_pem3.oem3 (.const:xdc_runtime_Startup_startModsFxn__C)

.const:xdc_runtime_SysCallback_abortFxn__C 
*          0    00000560    00000004     
                  00000560    00000004     app_ble_uartlog_pem3.oem3 (.const:xdc_runtime_SysCallback_abortFxn__C)

.const:xdc_runtime_SysCallback_exitFxn__C 
*          0    00000564    00000004     
                  00000564    00000004     app_ble_uartlog_pem3.oem3 (.const:xdc_runtime_SysCallback_exitFxn__C)

.const:xdc_runtime_System_abortFxn__C 
*          0    00000568    00000004     
                  00000568    00000004     app_ble_uartlog_pem3.oem3 (.const:xdc_runtime_System_abortFxn__C)

.const:xdc_runtime_System_exitFxn__C 
*          0    0000056c    00000004     
                  0000056c    00000004     app_ble_uartlog_pem3.oem3 (.const:xdc_runtime_System_exitFxn__C)

.const:xdc_runtime_System_maxAtexitHandlers__C 
*          0    00000570    00000004     
                  00000570    00000004     app_ble_uartlog_pem3.oem3 (.const:xdc_runtime_System_maxAtexitHandlers__C)

.const:xdc_runtime_Text_charTab__C 
*          0    00000574    00000004     
                  00000574    00000004     app_ble_uartlog_pem3.oem3 (.const:xdc_runtime_Text_charTab__C)

.const:xdc_runtime_Text_nameEmpty__C 
*          0    00000578    00000004     
                  00000578    00000004     app_ble_uartlog_pem3.oem3 (.const:xdc_runtime_Text_nameEmpty__C)

.const:xdc_runtime_Text_nameStatic__C 
*          0    0000057c    00000004     
                  0000057c    00000004     app_ble_uartlog_pem3.oem3 (.const:xdc_runtime_Text_nameStatic__C)

.const:xdc_runtime_Text_nameUnknown__C 
*          0    00000580    00000004     
                  00000580    00000004     app_ble_uartlog_pem3.oem3 (.const:xdc_runtime_Text_nameUnknown__C)

.const:xdc_runtime_Main_Module__id__C 
*          0    00000584    00000002     
                  00000584    00000002     app_ble_uartlog_pem3.oem3 (.const:xdc_runtime_Main_Module__id__C)

.const:xdc_runtime_Memory_Module__id__C 
*          0    00000586    00000002     
                  00000586    00000002     app_ble_uartlog_pem3.oem3 (.const:xdc_runtime_Memory_Module__id__C)

.const:xdc_runtime_Text_charCnt__C 
*          0    00000588    00000002     
                  00000588    00000002     app_ble_uartlog_pem3.oem3 (.const:xdc_runtime_Text_charCnt__C)

.const:xdc_runtime_Text_isLoaded__C 
*          0    0000058a    00000002     
                  0000058a    00000002     app_ble_uartlog_pem3.oem3 (.const:xdc_runtime_Text_isLoaded__C)

.const:xdc_runtime_Error_policy__C 
*          0    0000058c    00000001     
                  0000058c    00000001     app_ble_uartlog_pem3.oem3 (.const:xdc_runtime_Error_policy__C)

.const:ti_sysbios_rom_ROM_AONRTCChannelEnable 
*          0    00000590    00000004     
                  00000590    00000004     app_ble_uartlog_pem3.oem3 (.const:ti_sysbios_rom_ROM_AONRTCChannelEnable)

.const:ti_sysbios_rom_ROM_AONRTCCompareValueSet 
*          0    00000594    00000004     
                  00000594    00000004     app_ble_uartlog_pem3.oem3 (.const:ti_sysbios_rom_ROM_AONRTCCompareValueSet)

.const:ti_sysbios_rom_ROM_AONRTCCurrentCompareValueGet 
*          0    00000598    00000004     
                  00000598    00000004     app_ble_uartlog_pem3.oem3 (.const:ti_sysbios_rom_ROM_AONRTCCurrentCompareValueGet)

.const:ti_sysbios_rom_ROM_AONRTCEventClear 
*          0    0000059c    00000004     
                  0000059c    00000004     app_ble_uartlog_pem3.oem3 (.const:ti_sysbios_rom_ROM_AONRTCEventClear)

.const:ti_sysbios_rom_ROM_ti_sysbios_family_arm_cc26xx_Timer_getCount64__E 
*          0    000005a0    00000004     
                  000005a0    00000004     app_ble_uartlog_pem3.oem3 (.const:ti_sysbios_rom_ROM_ti_sysbios_family_arm_cc26xx_Timer_getCount64__E)

.const:ti_sysbios_rom_ROM_ti_sysbios_family_arm_cc26xx_Timer_getCurrentTick__E 
*          0    000005a4    00000004     
                  000005a4    00000004     app_ble_uartlog_pem3.oem3 (.const:ti_sysbios_rom_ROM_ti_sysbios_family_arm_cc26xx_Timer_getCurrentTick__E)

.const:ti_sysbios_rom_ROM_ti_sysbios_family_arm_cc26xx_Timer_getMaxTicks__E 
*          0    000005a8    00000004     
                  000005a8    00000004     app_ble_uartlog_pem3.oem3 (.const:ti_sysbios_rom_ROM_ti_sysbios_family_arm_cc26xx_Timer_getMaxTicks__E)

.const:ti_sysbios_rom_ROM_ti_sysbios_family_arm_cc26xx_Timer_initDevice__I 
*          0    000005ac    00000004     
                  000005ac    00000004     app_ble_uartlog_pem3.oem3 (.const:ti_sysbios_rom_ROM_ti_sysbios_family_arm_cc26xx_Timer_initDevice__I)

.const:ti_sysbios_rom_ROM_ti_sysbios_family_arm_cc26xx_Timer_setNextTick__E 
*          0    000005b0    00000004     
                  000005b0    00000004     app_ble_uartlog_pem3.oem3 (.const:ti_sysbios_rom_ROM_ti_sysbios_family_arm_cc26xx_Timer_setNextTick__E)

.const:ti_sysbios_rom_ROM_ti_sysbios_family_arm_cc26xx_Timer_setThreshold__I 
*          0    000005b4    00000004     
                  000005b4    00000004     app_ble_uartlog_pem3.oem3 (.const:ti_sysbios_rom_ROM_ti_sysbios_family_arm_cc26xx_Timer_setThreshold__I)

.const:ti_sysbios_rom_ROM_ti_sysbios_family_arm_cc26xx_Timer_start__E 
*          0    000005b8    00000004     
                  000005b8    00000004     app_ble_uartlog_pem3.oem3 (.const:ti_sysbios_rom_ROM_ti_sysbios_family_arm_cc26xx_Timer_start__E)

.const:ti_sysbios_rom_ROM_ti_sysbios_family_arm_cc26xx_TimestampProvider_get32__E 
*          0    000005bc    00000004     
                  000005bc    00000004     app_ble_uartlog_pem3.oem3 (.const:ti_sysbios_rom_ROM_ti_sysbios_family_arm_cc26xx_TimestampProvider_get32__E)

.const:ti_sysbios_rom_ROM_xdc_runtime_Startup_getState__I 
*          0    000005c0    00000004     
                  000005c0    00000004     app_ble_uartlog_pem3.oem3 (.const:ti_sysbios_rom_ROM_xdc_runtime_Startup_getState__I)

.const:ti_sysbios_rom_ROM_xdc_runtime_System_SupportProxy_abort__E 
*          0    000005c4    00000004     
                  000005c4    00000004     app_ble_uartlog_pem3.oem3 (.const:ti_sysbios_rom_ROM_xdc_runtime_System_SupportProxy_abort__E)

.const:ti_sysbios_rom_ROM_xdc_runtime_System_SupportProxy_exit__E 
*          0    000005c8    00000004     
                  000005c8    00000004     app_ble_uartlog_pem3.oem3 (.const:ti_sysbios_rom_ROM_xdc_runtime_System_SupportProxy_exit__E)

.const:ti_sysbios_gates_GateMutex_Instance_State_sem__O 
*          0    000005cc    00000004     
                  000005cc    00000004     app_ble_uartlog_pem3.oem3 (.const:ti_sysbios_gates_GateMutex_Instance_State_sem__O)

.const:ti_sysbios_knl_Clock_Module_State_clockQ__O 
*          0    000005d0    00000004     
                  000005d0    00000004     app_ble_uartlog_pem3.oem3 (.const:ti_sysbios_knl_Clock_Module_State_clockQ__O)

.const:ti_sysbios_knl_Mailbox_Instance_State_dataQue__O 
*          0    000005d4    00000004     
                  000005d4    00000004     app_ble_uartlog_pem3.oem3 (.const:ti_sysbios_knl_Mailbox_Instance_State_dataQue__O)

.const:ti_sysbios_knl_Mailbox_Instance_State_dataSem__O 
*          0    000005d8    00000004     
                  000005d8    00000004     app_ble_uartlog_pem3.oem3 (.const:ti_sysbios_knl_Mailbox_Instance_State_dataSem__O)

.const:ti_sysbios_knl_Mailbox_Instance_State_freeQue__O 
*          0    000005dc    00000004     
                  000005dc    00000004     app_ble_uartlog_pem3.oem3 (.const:ti_sysbios_knl_Mailbox_Instance_State_freeQue__O)

.const:ti_sysbios_knl_Mailbox_Instance_State_freeSem__O 
*          0    000005e0    00000004     
                  000005e0    00000004     app_ble_uartlog_pem3.oem3 (.const:ti_sysbios_knl_Mailbox_Instance_State_freeSem__O)

.const:ti_sysbios_knl_Semaphore_Instance_State_pendQ__O 
*          0    000005e4    00000004     
                  000005e4    00000004     app_ble_uartlog_pem3.oem3 (.const:ti_sysbios_knl_Semaphore_Instance_State_pendQ__O)

.const:ti_sysbios_knl_Task_Module_State_inactiveQ__O 
*          0    000005e8    00000004     
                  000005e8    00000004     app_ble_uartlog_pem3.oem3 (.const:ti_sysbios_knl_Task_Module_State_inactiveQ__O)

.text.4    0    000005ec    000086d8     
                  000005ec    0000095c     project_zero.obj (.text:ProjectZero_taskFxn$0)
                  00000f48    0000059c     peripheral.obj (.text:gapRole_taskFxn$15)
                  000014e4    00000450     driverlib.lib : setup.obj (.text:TrimAfterColdResetWakeupFromShutDown$31)
                  00001934    000003d0     project_zero.obj (.text:ProjectZero_init$0)
                  00001d04    0000037c     rf_singleMode_cc26xxware.aem3 : RFCC26XX_singleMode.oem3 (.text:fsmActiveState)
                  00002080    000002cc     interval_service.obj (.text:INTERVAL_Service_WriteAttrCB$14)
                  0000234c    00000270     scTask.obj (.text:SC_init)
                  000025bc    00000248     peripheral.obj (.text:GAPRole_SetParameter)
                  00002804    00000228     drivers_cc26xxware.aem3 : PowerCC26XX.oem3 (.text:Power_sleep)
                  00002a2c    00000218     driverlib.lib : sys_ctrl.obj (.text:NOROM_SysCtrlSetRechargeBeforePowerDown)
                  00002c44    00000204     interval_service.obj (.text:INTERVAL_Service_ReadAttrCB$14)
                  00002e48    000001d0     drivers_cc26xxware.aem3 : PowerCC26XX_calibrateRCOSC.oem3 (.text:calibrateRcoscHf1)
                  00003018    000001cc     interval_service.obj (.text:IntervalService_SetParameter)
                  000031e4    000001cc     rf_singleMode_cc26xxware.aem3 : RFCC26XX_singleMode.oem3 (.text:abortCmd)
                  000033b0    000001c4     drivers_cc26xxware.aem3 : PINCC26XX.oem3 (.text:PIN_init)
                  00003574    000001b0     rf_singleMode_cc26xxware.aem3 : RFCC26XX_singleMode.oem3 (.text:RF_postCmd)
                  00003724    00000184     drivers_cc26xxware.aem3 : PowerCC26XX_calibrateRCOSC.oem3 (.text:PowerCC26XX_doCalibrate)
                  000038a8    00000170     adc_service.obj (.text:adc_service_WriteAttrCB$10)
                  00003a18    00000148     driverlib.lib : setup.obj (.text:NOROM_SetupTrimDevice)
                  00003b60    00000128     rf_singleMode_cc26xxware.aem3 : RFCC26XX_singleMode.oem3 (.text:rf_init)
                  00003c88    00000120     peripheral.obj (.text:GAPRole_GetParameter)
                  00003da8    0000011c     drivers_cc26xxware.aem3 : PowerCC26XX.oem3 (.text:Power_init)
                  00003ec4    00000118     rf_singleMode_cc26xxware.aem3 : RFCC26XX_singleMode.oem3 (.text:fsmSetupState)
                  00003fdc    00000118                                   : RFCC26XX_singleMode.oem3 (.text:hwiFxnCpe0Active)
                  000040f4    00000106     icall.obj (.text:ICall_primWaitMatch$6)
                  000041fa    00000002     driverlib.lib : rfc.obj (.text:NOROM_RFCAdi3VcoLdoVoltageMode)
                  000041fc    000000f4     rtsv7M3_T_le_eabi.lib : fputc.c.obj (.text:fputc)
                  000042f0    000000d8     rf_singleMode_cc26xxware.aem3 : RFCC26XX_singleMode.oem3 (.text:fsmPowerUpState)
                  000043c8    000000d4     drivers_cc26xxware.aem3 : PowerCC26XX.oem3 (.text:Power_releaseDependency)
                  0000449c    000000d4     rtsv7M3_T_le_eabi.lib : setvbuf.c.obj (.text:setvbuf)
                  00004570    000000d0     drivers_cc26xxware.aem3 : PowerCC26XX.oem3 (.text:Power_setDependency)
                  00004640    000000d0     main.obj (.text:main)
                  00004710    000000c4     rf_singleMode_cc26xxware.aem3 : RFCC26XX_singleMode.oem3 (.text:RF_open)
                  000047d4    000000bc     power_cc26xx_tirtos.aem3 : PowerCC26XX_tirtos.oem3 (.text:PowerCC26XX_standbyPolicy)
                  00004890    000000bc     rtsv7M3_T_le_eabi.lib : fclose.c.obj (.text:__TI_closefile)
                  0000494c    000000b8     drivers_cc26xxware.aem3 : PINCC26XX.oem3 (.text:PINCC26XX_setIoCfg)
                  00004a04    000000b4     devinfoservice.obj (.text:devInfo_ReadAttrCB$11)
                  00004ab8    000000a8     scif_framework.obj (.text:scifCtrlTasksNbl$17)
                  00004b60    000000a8     rf_singleMode_cc26xxware.aem3 : RFCC26XX_singleMode.oem3 (.text:swiFxnHw)
                  00004c08    000000a0     TRNGCC26XX.obj (.text:TRNGCC26XX_getNumber)
                  00004ca8    000000a0     auto_init.aem3 : auto_init.oem3 (.text)
                  00004d48    0000009c     rtsv7M3_T_le_eabi.lib : memcpy_t2.asm.obj (.text)
                  00004de4    00000098     rom_sysbios.aem3 : rom_sysbios.obj (.text:ti_sysbios_knl_Clock_workFuncDynamic__E)
                  00004e7c    00000096     rtsv7M3_T_le_eabi.lib : ull_div_t2.asm.obj (.text)
                  00004f12    00000002     driverlib.lib : rfc.obj (.text:NOROM_RFCRTrim)
                  00004f14    00000094     icall.obj (.text:ICall_primSetTimer$6)
                  00004fa8    00000094     drivers_cc26xxware.aem3 : PINCC26XX.oem3 (.text:PIN_open)
                  0000503c    00000090                             : PowerCC26XX.oem3 (.text:switchXOSCHFclockFunc)
                  000050cc    00000088     driverlib.lib : osc.obj (.text:NOROM_OSCHF_GetStartupTime)
                  00005154    00000088     gattservapp_util.obj (.text:gattServApp_SendNotiInd$13)
                  000051dc    00000084     icall.obj (.text:ICall_heapMalloc)
                  00005260    00000080     rf_singleMode_cc26xxware.aem3 : RFCC26XX_singleMode.oem3 (.text:RF_pendCmd)
                  000052e0    0000007c     drivers_cc26xxware.aem3 : PowerCC26XX.oem3 (.text:disableLFClockQualifiers)
                  0000535c    0000007c     peripheral.obj (.text:gapRole_startConnUpdate$15)
                  000053d8    0000007c     uart_logs.obj (.text:uartLog_outputFxn)
                  00005454    0000007c     project_zero.obj (.text:user_processGapStateChangeEvt$0)
                  000054d0    0000007a     rtsv7M3_T_le_eabi.lib : memset_t2.asm.obj (.text)
                  0000554a    00000002     scTask.obj (.text:SC_rangerClockSwiFxn$1)
                  0000554c    00000078     gattservapp_util.obj (.text:GATTServApp_ProcessCharCfg)
                  000055c4    00000074     adc_service.obj (.text:Adc_service_SetParameter)
                  00005638    00000074     icall_cc2650.obj (.text:ICallPlatform_pwrUpdActivityCounter)
                  000056ac    00000074     icall.obj (.text:ICall_primSend$6)
                  00005720    00000074     drivers_cc26xxware.aem3 : PowerCC26XX_calibrateRCOSC.oem3 (.text:PowerCC26XX_auxISR)
                  00005794    00000074                             : PowerCC26XX_calibrateRCOSC.oem3 (.text:calibrateRcoscHf2)
                  00005808    00000074     rf_singleMode_cc26xxware.aem3 : RFCC26XX_singleMode.oem3 (.text:fsmPowerDownState)
                  0000587c    00000074     rom_sysbios.aem3 : rom_sysbios.obj (.text:ti_sysbios_family_arm_cc26xx_Timer_start__E)
                  000058f0    00000070     rtsv7M3_T_le_eabi.lib : fseek.c.obj (.text:fseek)
                  00005960    0000006c     icall.obj (.text:ICall_createRemoteTasks)
                  000059cc    0000006c     drivers_cc26xxware.aem3 : PowerCC26XX.oem3 (.text:PowerCC26XX_calibrate)
                  00005a38    00000068     rtsv7M3_T_le_eabi.lib : hostlseek.c.obj (.text:HOSTlseek)
                  00005aa0    00000068     driverlib.lib : sys_ctrl.obj (.text:NOROM_SysCtrl_DCDC_VoltageConditionalControl)
                  00005b08    00000068     rf_singleMode_cc26xxware.aem3 : RFCC26XX_singleMode.oem3 (.text:RF_getCurrentTime)
                  00005b70    00000068                                   : RFCC26XX_singleMode.oem3 (.text:RF_getInfo)
                  00005bd8    00000068     project_zero.obj (.text:Util_convertArrayToHexString$0)
                  00005c40    00000068     rtsv7M3_T_le_eabi.lib : copy_decompress_lzss.c.obj (.text:decompress:lzss:__TI_decompress_lzss)
                  00005ca8    00000068                           : getdevice.c.obj (.text:getdevice)
                  00005d10    00000064                           : hostrename.c.obj (.text:HOSTrename)
                  00005d74    00000064     rf_singleMode_cc26xxware.aem3 : RFCC26XX_singleMode.oem3 (.text:decActiveClientCnt)
                  00005dd8    00000060     icall.obj (.text:ICall_primEnroll$6)
                  00005e38    00000060     drivers_cc26xxware.aem3 : PowerCC26XX_calibrateRCOSC.oem3 (.text:PowerCC26XX_RCOSC_clockFunc)
                  00005e98    00000060                             : PowerCC26XX_calibrateRCOSC.oem3 (.text:updateSubSecInc)
                  00005ef8    0000005c     rtsv7M3_T_le_eabi.lib : hostopen.c.obj (.text:HOSTopen)
                  00005f54    0000005c     icall.obj (.text:ICall_primThreadServes$6)
                  00005fb0    0000005c     driverlib.lib : osc.obj (.text:NOROM_OSCHF_AttemptToSwitchToXosc)
                  0000600c    0000005c                   : sys_ctrl.obj (.text:NOROM_SysCtrlAdjustRechargeAfterPowerDown)
                  00006068    0000005c     app_ble_uartlog_pem3.oem3 (.text:xdc_runtime_Startup_getState__I)
                  000060c4    00000058     rtsv7M3_T_le_eabi.lib : hostread.c.obj (.text:HOSTread)
                  0000611c    00000058     drivers_cc26xxware.aem3 : PowerCC26XX_calibrateRCOSC.oem3 (.text:PowerCC26XX_initiateCalibration)
                  00006174    00000058     rf_singleMode_cc26xxware.aem3 : RFCC26XX_singleMode.oem3 (.text:fsmXOSCState)
                  000061cc    00000058     project_zero.obj (.text:user_enqueueCharDataMsg)
                  00006224    00000054     rtsv7M3_T_le_eabi.lib : hostwrite.c.obj (.text:HOSTwrite)
                  00006278    00000054     icall.obj (.text:ICall_primFetchMsg$6)
                  000062cc    00000054     drivers_cc26xxware.aem3 : PowerCC26XX.oem3 (.text:configureXOSCHF)
                  00006320    00000054     rf_singleMode_cc26xxware.aem3 : RFCC26XX_singleMode.oem3 (.text:dispatchOpWhen)
                  00006374    00000054     rtsv7M3_T_le_eabi.lib : fflush.c.obj (.text:fflush)
                  000063c8    00000054     rf_singleMode_cc26xxware.aem3 : RFCC26XX_singleMode.oem3 (.text:hwiFxnHw)
                  0000641c    00000054                                   : RFCC26XX_singleMode.oem3 (.text:ratChanFree)
                  00006470    00000052     icall.obj (.text:ICall_primWait$6)
                  000064c2    00000002     rtsv7M3_T_le_eabi.lib : _lock.c.obj (.text:_nop)
                  000064c4    00000050     icall_api.obj (.text:GAP_UpdateAdvertisingData)
                  00006514    00000050     icall.obj (.text:ICall_primRegisterApp$6)
                  00006564    00000050     util.obj (.text:Util_convertBdAddr2Str)
                  000065b4    00000050     rf_singleMode_cc26xxware.aem3 : RFCC26XX_singleMode.oem3 (.text:syncCb)
                  00006604    0000004c     icall.obj (.text:ICall_newTask$6)
                  00006650    0000004c     icall.obj (.text:ICall_primGetEntityId$6)
                  0000669c    0000004c     driverlib.lib : osc.obj (.text:NOROM_OSCClockSourceSet)
                  000066e8    0000004c     rtsv7M3_T_le_eabi.lib : fflush.c.obj (.text:__TI_doflush)
                  00006734    0000004c     rf_singleMode_cc26xxware.aem3 : RFCC26XX_singleMode.oem3 (.text:applyRfCorePatch)
                  00006780    0000004c     rtsv7M3_T_le_eabi.lib : cpy_tbl.c.obj (.text:copy_in)
                  000067cc    00000048     peripheral.obj (.text:GAPRole_TerminateConnection)
                  00006814    00000048     driverlib.lib : chipinfo.obj (.text:NOROM_ChipInfo_GetChipFamily)
                  0000685c    00000048                   : ddi.obj (.text:NOROM_DDI16BitfieldWrite)
                  000068a4    00000048     drivers_cc26xxware.aem3 : PINCC26XX.oem3 (.text:PIN_swi)
                  000068ec    00000048     rf_singleMode_cc26xxware.aem3 : RFCC26XX_singleMode.oem3 (.text:RF_getRssi)
                  00006934    00000048                                   : RFCC26XX_singleMode.oem3 (.text:RF_runCmd)
                  0000697c    00000048     icall_api.obj (.text:gattIndNoti$9)
                  000069c4    00000048     drivers_cc26xxware.aem3 : PowerCC26XX.oem3 (.text:notify)
                  00006a0c    00000048     scif_framework.obj (.text:scifInitIo)
                  00006a54    00000044     main.obj (.text:AssertHandler)
                  00006a98    00000044     boot.aem3 : boot.oem3 (.text)
                  00006adc    00000044     icall_api.obj (.text:gapSendParamAndPtrCmd$9)
                  00006b20    00000044     project_zero.obj (.text:user_enqueueRawAppMsg)
                  00006b64    00000044     rom_sysbios.aem3 : rom_sysbios.obj (.text:xdc_runtime_LoggerCallback_write8__E)
                  00006ba8    00000042     icall.obj (.text:ICall_primCreateTask$6)
                  00006bea    00000002     rf_singleMode_cc26xxware.aem3 : RFCC26XX_singleMode.oem3 (.text:defaultErrCb)
                  00006bec    00000040     peripheral.obj (.text:GAPRole_createTask)
                  00006c2c    00000040     rtsv7M3_T_le_eabi.lib : hostclose.c.obj (.text:HOSTclose)
                  00006c6c    00000040                           : hostunlink.c.obj (.text:HOSTunlink)
                  00006cac    00000040     driverlib.lib : ddi.obj (.text:NOROM_DDI16BitfieldRead)
                  00006cec    00000040     rom_sysbios.aem3 : rom_sysbios.obj (.text:xdc_runtime_LoggerCallback_Module_startup__E)
                  00006d2c    0000003e     icall_api.obj (.text:hciSendParamsCmd$9)
                  00006d6a    00000002     drivers_cc26xxware.aem3 : PowerCC26XX.oem3 (.text:emptyClockFunc)
                  00006d6c    0000003c     icall_api.obj (.text:GAP_GetParamValue)
                  00006da8    0000003c     icall_api.obj (.text:GATTServApp_RegisterService)
                  00006de4    0000003c     icall_cc2650.obj (.text:ICallPlatform_pwrConfigACAction)
                  00006e20    0000003c     icall.obj (.text:ICall_primFetchServiceMsg$6)
                  00006e5c    0000003c     driverlib.lib : osc.obj (.text:NOROM_OSC_HPOSCRelativeFrequencyOffsetGet)
                  00006e98    0000003c                   : rfc.obj (.text:NOROM_RFCSynthPowerDown)
                  00006ed4    0000003c     drivers_cc26xxware.aem3 : PINCC26XX.oem3 (.text:PIN_setOutputValue)
                  00006f10    0000003c     project_zero.obj (.text:ProjectZero_createTask)
                  00006f4c    0000003c     rf_singleMode_cc26xxware.aem3 : RFCC26XX_singleMode.oem3 (.text:postDirImmCmd)
                  00006f88    0000003c     icall_api.obj (.text:profileSetParameter$9)
                  00006fc4    0000003c     icall_api.obj (.text:sendWaitMatchCS$9)
                  00007000    0000003c     icall_api.obj (.text:sendWaitMatchValueCS$9)
                  0000703c    00000038     icall.obj (.text:ICall_primGetMaxMSecs$6)
                  00007074    00000038     util.obj (.text:Util_restartClock)
                  000070ac    00000038     rtsv7M3_T_le_eabi.lib : trgmsg.c.obj (.text:__TI_writemsg)
                  000070e4    00000038     scif_framework.obj (.text:scifOsalInit)
                  0000711c    00000038     rom_sysbios.aem3 : rom_sysbios.obj (.text:ti_sysbios_family_arm_cc26xx_Timer_getCurrentTick__E)
                  00007154    00000036     rf_singleMode_cc26xxware.aem3 : RFCC26XX_singleMode.oem3 (.text:updateImplicitState)
                  0000718a    00000036     icall_api.obj (.text:waitMatchCS$9)
                  000071c0    00000034     icall_api.obj (.text:GAPBondMgr_SetParameter)
                  000071f4    00000034     icall_api.obj (.text:GAP_SetParamValue)
                  00007228    00000034     icall.obj (.text:ICall_primEntityId2ServiceId$6)
                  0000725c    00000034     icall.obj (.text:ICall_primRegisterISR$6)
                  00007290    00000034     icall.obj (.text:ICall_primRegisterISR_Ext$6)
                  000072c4    00000034     icall.obj (.text:ICall_searchServiceEntity)
                  000072f8    00000034     interval_service.obj (.text:INTERVAL_Service_findCharParamId$14)
                  0000732c    00000034     driverlib.lib : ddi.obj (.text:NOROM_DDI32RegWrite)
                  00007360    00000034                   : osc.obj (.text:NOROM_OSCHF_SwitchToRcOscTurnOffXosc)
                  00007394    00000034     drivers_cc26xxware.aem3 : PINCC26XX.oem3 (.text:PIN_setConfig)
                  000073c8    00000034                             : PowerCC26XX.oem3 (.text:PowerCC26XX_isStableXOSC_HF)
                  000073fc    00000034     rf_singleMode_cc26xxware.aem3 : RFCC26XX_singleMode.oem3 (.text:Q_push)
                  00007430    00000034     util.obj (.text:Util_constructClock)
                  00007464    00000034     rtsv7M3_T_le_eabi.lib : trgmsg.c.obj (.text:__TI_readmsg)
                  00007498    00000034     scif_framework.obj (.text:osalRegisterCtrlReadyInt$17)
                  000074cc    00000034     scif_framework.obj (.text:osalRegisterTaskAlertInt$17)
                  00007500    00000034     icall_api.obj (.text:osal_snv_read)
                  00007534    00000034     icall_api.obj (.text:osal_snv_write)
                  00007568    00000034     icall_api.obj (.text:profileAddService$9)
                  0000759c    00000034     icall_api.obj (.text:registerTask$9)
                  000075d0    00000034     rtsv7M3_T_le_eabi.lib : strncpy.c.obj (.text:strncpy)
                  00007604    00000034     rom_sysbios.aem3 : rom_sysbios.obj (.text:ti_sysbios_family_arm_cc26xx_Timer_initDevice__I)
                  00007638    00000034                      : rom_sysbios.obj (.text:xdc_runtime_LoggerCallback_write4__E)
                  0000766c    00000032     icall_api.obj (.text:gapSendParamsCmd$9)
                  0000769e    00000032     icall_api.obj (.text:gapSendPtrParamsCmd$9)
                  000076d0    00000032     icall_api.obj (.text:matchGapSetGetParamCS$9)
                  00007702    00000032     icall_api.obj (.text:matchGattCmdStatus$9)
                  00007734    00000032     icall_api.obj (.text:matchUtilNvCS$9)
                  00007766    00000032     rom_sysbios.aem3 : rom_sysbios.obj (.text:ti_sysbios_family_arm_cc26xx_Timer_setNextTick__E)
                  00007798    00000030     icall_cc2650.obj (.text:ICallPlatform_pwrNotify$7)
                  000077c8    00000030     icall_cc2650.obj (.text:ICallPlatform_pwrRegisterNotify)
                  000077f8    00000030     icall.obj (.text:ICall_dispatch$6)
                  00007828    00000030     icall.obj (.text:ICall_msecs2Ticks$6)
                  00007858    00000030     icall.obj (.text:ICall_searchTask$6)
                  00007888    00000030     driverlib.lib : setup.obj (.text:NOROM_SetupSetAonRtcSubSecInc)
                  000078b8    00000030                   : trng.obj (.text:NOROM_TRNGConfigure)
                  000078e8    00000030     drivers_cc26xxware.aem3 : PowerCC26XX.oem3 (.text:Power_releaseConstraint)
                  00007918    00000030                             : PowerCC26XX.oem3 (.text:Power_setConstraint)
                  00007948    00000030     rf_singleMode_cc26xxware.aem3 : RFCC26XX_singleMode.oem3 (.text:clkPowerUpFxn)
                  00007978    00000030     app_ble_uartlog_pem3.oem3 (.text:ti_sysbios_BIOS_atExitFunc__I)
                  000079a8    00000030     app_ble_uartlog_pem3.oem3 (.text:ti_sysbios_BIOS_startFunc__I)
                  000079d8    00000030     rom_sysbios.aem3 : rom_sysbios.obj (.text:ti_sysbios_family_arm_cc26xx_Timer_setThreshold__I)
                  00007a08    00000030     app_ble_uartlog_pem3.oem3 (.text:xdc_runtime_LoggerCallback_Object__create__S)
                  00007a38    0000002e     icall_cc2650.obj (.text:ICallPlatform_pwrDispenseImpl$7)
                  00007a66    0000002e     icall_cc2650.obj (.text:ICallPlatform_pwrRequireImpl$7)
                  00007a94    0000002e     app_ble_uartlog_pem3.oem3 (.text:malloc)
                  00007ac2    00000002     rtsv7M3_T_le_eabi.lib : div0.asm.obj (.text)
                  00007ac4    0000002c     icall_api.obj (.text:HCI_EXT_ConnEventNoticeCmd)
                  00007af0    0000002c     icall.obj (.text:ICall_heapFree)
                  00007b1c    0000002c     adc_service.obj (.text:ICall_malloc$10)
                  00007b48    0000002c     icall.obj (.text:ICall_msgEnqueue$6)
                  00007b74    0000002c     icall.obj (.text:ICall_primAllocMsg$6)
                  00007ba0    0000002c     icall_api.obj (.text:ICall_sendServiceMsg$9)
                  00007bcc    0000002c     project_zero.obj (.text:ProjectZero_freeAttRsp$0)
                  00007bf8    0000002c     rtsv7M3_T_le_eabi.lib : fopen.c.obj (.text:__TI_cleanup)
                  00007c24    0000002c     rf_singleMode_cc26xxware.aem3 : RFCC26XX_singleMode.oem3 (.text:getCmd)
                  00007c50    0000002c     icall_api.obj (.text:matchProfileAddServiceCS$9)
                  00007c7c    0000002c     scif.obj (.text:scifTaskResourceInit$16)
                  00007ca8    0000002c     rom_sysbios.aem3 : rom_sysbios.obj (.text:ti_sysbios_knl_Clock_getTicksUntilInterrupt__E)
                  00007cd4    0000002c                      : rom_sysbios.obj (.text:xdc_runtime_LoggerCallback_write2__E)
                  00007d00    0000002a     icall_api.obj (.text:ICall_waitMatch$9)
                  00007d2a    0000002a     icall_api.obj (.text:matchProfileCS$9)
                  00007d54    00000028     driverlib.lib : aon_batmon.obj (.text:NOROM_AONBatMonTemperatureGetDegC)
                  00007d7c    00000028                   : rfc.obj (.text:NOROM_RFCDoorbellSendTo)
                  00007da4    00000028     drivers_cc26xxware.aem3 : PowerCC26XX.oem3 (.text:PowerCC26XX_switchXOSC_HF)
                  00007dcc    00000028                             : PowerCC26XX.oem3 (.text:Power_registerNotify)
                  00007df4    00000028     driverlib.lib : adi.obj (.text:SafeHapiVoid)
                  00007e1c    00000028     TRNGCC26XX.obj (.text:TRNGCC26XX_init)
                  00007e44    00000028     scif_framework.obj (.text:osalCtrlReadyIsr$17)
                  00007e6c    00000028     rtsv7M3_T_le_eabi.lib : unlink.c.obj (.text:unlink)
                  00007e94    00000028                           : write.c.obj (.text:write)
                  00007ebc    00000028     rom_sysbios.aem3 : rom_sysbios.obj (.text:xdc_runtime_LoggerCallback_write0__E)
                  00007ee4    00000028                      : rom_sysbios.obj (.text:xdc_runtime_LoggerCallback_write1__E)
                  00007f0c    00000026     drivers_cc26xxware.aem3 : List.oem3 (.text:List_put)
                  00007f32    00000024     icall_api.obj (.text:ICall_getLocalMsgEntityId$9)
                  00007f56    00000002     rom_sysbios.aem3 : rom_sysbios.obj (.text:ti_sysbios_BIOS_linkedWithIncorrectBootLibrary__E)
                  00007f58    00000024     drivers_cc26xxware.aem3 : PINCC26XX.oem3 (.text:PINCC26XX_getPinCount)
                  00007f7c    00000024                             : PowerCC26XX_calibrateRCOSC.oem3 (.text:getTdcSemaphore)
                  00007fa0    00000024     rf_singleMode_cc26xxware.aem3 : RFCC26XX_singleMode.oem3 (.text:hwiFxnCpe0PowerFsm)
                  00007fc4    00000024     rtsv7M3_T_le_eabi.lib : memcmp.c.obj (.text:memcmp)
                  00007fe8    00000024     app_ble_uartlog_pem3.oem3 (.text:ti_sysbios_BIOS_registerRTSLock__I)
                  0000800c    00000024     app_ble_uartlog_pem3.oem3 (.text:ti_sysbios_BIOS_removeRTSLock__I)
                  00008030    00000024     rom_sysbios.aem3 : rom_sysbios.obj (.text:ti_sysbios_family_arm_cc26xx_Timer_getMaxTicks__E)
                  00008054    00000022     scif.obj (.text:scifTaskResourceUninit$16)
                  00008076    00000002     app_ble_uartlog_pem3.oem3 (.text:ti_sysbios_BIOS_nullFunc__I)
                  00008078    00000020     gattservapp_util.obj (.text:GATTServApp_InitCharCfg)
                  00008098    00000020     icall_api.obj (.text:ICall_allocMsg$9)
                  000080b8    00000020     icall_api.obj (.text:ICall_getEntityId$9)
                  000080d8    00000020     project_zero.obj (.text:ICall_malloc$0)
                  000080f8    00000020     icall.obj (.text:ICall_primService$6)
                  00008118    00000020     driverlib.lib : rfc.obj (.text:NOROM_RFCRfTrimRead)
                  00008138    00000020     rf_singleMode_cc26xxware.aem3 : RFCC26XX_singleMode.oem3 (.text:allocCmd)
                  00008158    00000020     gattservapp_util.obj (.text:gattServApp_FindCharCfgItem$13)
                  00008178    00000020     app_ble_uartlog_pem3.oem3 (.text:ti_sysbios_BIOS_rtsLock__I)
                  00008198    00000020     rom_sysbios.aem3 : rom_sysbios.obj (.text:ti_sysbios_family_arm_cc26xx_Timer_dynamicStub__E)
                  000081b8    00000020                      : rom_sysbios.obj (.text:ti_sysbios_knl_Clock_stop__E)
                  000081d8    00000020                      : rom_sysbios.obj (.text:xdc_runtime_SysStd_abort__E)
                  000081f8    0000001e     icall.obj (.text:ICall_primSendServiceMsg$6)
                  00008216    0000001e     drivers_cc26xxware.aem3 : PowerCC26XX.oem3 (.text:Power_getTransitionLatency)
                  00008234    0000001e     icall_api.obj (.text:matchHciCS$9)
                  00008252    0000001e     project_zero.obj (.text:user_gapBondMgr_passcodeCB$0)
                  00008270    0000001c     driverlib.lib : osc.obj (.text:NOROM_OSCClockSourceGet)
                  0000828c    0000001c     drivers_cc26xxware.aem3 : PINCC26XX.oem3 (.text:PINCC26XX_setIoCfgMux)
                  000082a8    0000001c                             : PINCC26XX.oem3 (.text:PIN_hwi)
                  000082c4    0000001c     TRNGCC26XX.obj (.text:TRNGCC26XX_open)
                  000082e0    0000001c     icall_api.obj (.text:getStatusValueFromErrNo$9)
                  000082fc    0000001c     TRNGCC26XX.obj (.text:openTRNG)
                  00008318    0000001c     rom_sysbios.aem3 : rom_sysbios.obj (.text:ti_sysbios_family_arm_m3_Hwi_clearInterrupt__E)
                  00008334    0000001c                      : rom_sysbios.obj (.text:xdc_runtime_LoggerCallback_Instance_init__E)
                  00008350    0000001a     icall.obj (.text:ICall_enterCSImpl)
                  0000836a    0000001a     icall.obj (.text:ICall_primSetTimerMSecs$6)
                  00008384    0000001a     icall_api.obj (.text:matchGattIndNotiCS$9)
                  0000839e    00000002     rom_sysbios.aem3 : rom_sysbios.obj (.text:ti_sysbios_knl_Clock_triggerFunc__I)
                  000083a0    00000018     icall_api.obj (.text:GATT_bm_free)
                  000083b8    00000018     icall_cc2650.obj (.text:ICallPlatform_pwrDispense)
                  000083d0    00000018     icall_cc2650.obj (.text:ICallPlatform_pwrRequire)
                  000083e8    00000018     project_zero.obj (.text:ICall_freeMsg$0)
                  00008400    00000018     icall_api.obj (.text:ICall_freeMsg$9)
                  00008418    00000018     icall.obj (.text:ICall_primMalloc$6)
                  00008430    00000018     driverlib.lib : aon_rtc.obj (.text:NOROM_AONRTCCurrentCompareValueGet)
                  00008448    00000018                   : chipinfo.obj (.text:NOROM_ChipInfo_GetPackageType)
                  00008460    00000018                   : osc.obj (.text:NOROM_OSCHF_TurnOnXosc)
                  00008478    00000018                   : rfc.obj (.text:NOROM_RFCCpeIntGetAndClear)
                  00008490    00000018     drivers_cc26xxware.aem3 : PowerCC26XX.oem3 (.text:Power_idleFunc)
                  000084a8    00000018     rf_singleMode_cc26xxware.aem3 : RFCC26XX_singleMode.oem3 (.text:Q_pop)
                  000084c0    00000018                                   : RFCC26XX_singleMode.oem3 (.text:RF_runDirectCmd)
                  000084d8    00000018                                   : RFCC26XX_singleMode.oem3 (.text:RF_runImmediateCmd)
                  000084f0    00000018     rtsv7M3_T_le_eabi.lib : args_main.c.obj (.text:_args_main)
                  00008508    00000018     drivers_cc26xxware.aem3 : PowerCC26XX.oem3 (.text:configureRFCoreClocks)
                  00008520    00000018     app_ble_uartlog_pem3.oem3 (.text:free)
                  00008538    00000018     peripheral.obj (.text:gapRole_setEvent$15)
                  00008550    00000018     scif_framework.obj (.text:osalTaskAlertIsr$17)
                  00008568    00000018     rtsv7M3_T_le_eabi.lib : ll_mul_t2.asm.obj (.text)
                  00008580    00000018     scif_framework.obj (.text:scifReinitIo)
                  00008598    00000018     scif_framework.obj (.text:scifUninitIo)
                  000085b0    00000018     rtsv7M3_T_le_eabi.lib : strcmp.c.obj (.text:strcmp)
                  000085c8    00000018     rf_singleMode_cc26xxware.aem3 : RFCC26XX_singleMode.oem3 (.text:swiFxnFsm)
                  000085e0    00000018     app_ble_uartlog_pem3.oem3 (.text:ti_sysbios_BIOS_rtsUnlock__I)
                  000085f8    00000018     rom_sysbios.aem3 : rom_sysbios.obj (.text:ti_sysbios_knl_Swi_or__E)
                  00008610    00000018     app_ble_uartlog_pem3.oem3 (.text:ti_sysbios_rom_cortexm_cc26xx_CC26xx_checkRevision__E)
                  00008628    00000016     icall.obj (.text:ICall_leaveCSImpl)
                  0000863e    00000016     icall.obj (.text:ICall_primStopTimer$6)
                  00008654    00000016     ble_user_config.obj (.text:driverTable_fnSpinlock)
                  0000866a    00000016     rtsv7M3_T_le_eabi.lib : strchr.c.obj (.text:strchr)
                  00008680    00000016     app_ble_uartlog_pem3.oem3 (.text:ti_sysbios_BIOS_exitFunc__I)
                  00008696    00000016     project_zero.obj (.text:user_service_ValueChangeCB$0)
                  000086ac    00000014     driverlib.lib : aon_rtc.obj (.text:NOROM_AONRTCCurrent64BitValueGet)
                  000086c0    00000014     rf_singleMode_cc26xxware.aem3 : RFCC26XX_singleMode.oem3 (.text:RF_Params_init)
                  000086d4    00000014     icall_api.obj (.text:setICallCmdEvtHdr$9)
                  000086e8    00000014     rtsv7M3_T_le_eabi.lib : strlen.c.obj (.text:strlen)
                  000086fc    00000014     app_ble_uartlog_pem3.oem3 (.text:ti_sysbios_knl_Clock_doTick__I)
                  00008710    00000012     rf_singleMode_cc26xxware.aem3 : RFCC26XX_singleMode.oem3 (.text:RF_getCmdOp)
                  00008722    00000012     rtsv7M3_T_le_eabi.lib : strcpy.c.obj (.text:strcpy)
                  00008734    00000012     project_zero.obj (.text:user_gapStateChangeCB$0)
                  00008746    00000012     app_ble_uartlog_pem3.oem3 (.text:xdc_runtime_Startup_exec__I)
                  00008758    00000010     rf_singleMode_cc26xxware.aem3 : RFCC26XX_singleMode.oem3 (.text:FsmDispatch)
                  00008768    00000010     icall_api.obj (.text:GAP_EndDiscoverable)
                  00008778    00000010     icall_cc2650.obj (.text:ICallPlatform_pwrGetXOSCStartupTime)
                  00008788    00000010     icall.obj (.text:ICall_primGetTickPeriod$6)
                  00008798    00000010     icall.obj (.text:ICall_taskEntry$6)
                  000087a8    00000010     driverlib.lib : rfc.obj (.text:NOROM_RFCRfTrimSet)
                  000087b8    00000010     util.obj (.text:Util_isActive)
                  000087c8    00000010     rom_sysbios.aem3 : rom_sysbios.obj (.text:ti_sysbios_family_arm_m3_Hwi_post__E)
                  000087d8    00000010     app_ble_uartlog_pem3.oem3 (.text:xdc_runtime_LoggerCallback_Object__get__S)
                  000087e8    0000000e     icall_cc2650.obj (.text:ICallPlatform_pwrGetTransitionState)
                  000087f6    0000000e     icall_cc2650.obj (.text:ICallPlatform_pwrIsStableXOSCHF)
                  00008804    0000000e     icall.obj (.text:ICall_primDisableMInt$6)
                  00008812    0000000e     icall.obj (.text:ICall_primEnableMInt$6)
                  00008820    0000000e     icall.obj (.text:ICall_primFreeMsg$6)
                  0000882e    0000000e     icall.obj (.text:ICall_primGetTicks$6)
                  0000883c    0000000e     driverlib.lib : setup.obj (.text:NOROM_SetupSignExtendVddrTrimValue)
                  0000884a    0000000e                   : vims.obj (.text:NOROM_VIMSModeGet)
                  00008858    0000000e     rtsv7M3_T_le_eabi.lib : copy_decompress_none.c.obj (.text:decompress:none:__TI_decompress_none)
                  00008866    0000000e     icall_api.obj (.text:matchGSARegisterServiceCS$9)
                  00008874    0000000e     icall_api.obj (.text:matchGapLinkEstCS$9)
                  00008882    0000000e     icall_api.obj (.text:matchGapPasscodeCS$9)
                  00008890    0000000e     icall_api.obj (.text:matchGattSendRspCS$9)
                  0000889e    0000000e     icall_api.obj (.text:matchLinkDBNumConnsCS$9)
                  000088ac    0000000e     icall_api.obj (.text:setDispatchCmdEvtHdr$9)
                  000088ba    0000000e     rom_sysbios.aem3 : rom_sysbios.obj (.text:ti_sysbios_family_arm_cc26xx_TimestampProvider_get32__E)
                  000088c8    0000000c     rf_singleMode_cc26xxware.aem3 : RFCC26XX_singleMode.oem3 (.text:FsmNextState)
                  000088d4    0000000c     icall.obj (.text:ICall_clockFunc$6)
                  000088e0    0000000c     icall.obj (.text:ICall_primDisableInt$6)
                  000088ec    0000000c     icall.obj (.text:ICall_primEnableInt$6)
                  000088f8    0000000c     icall.obj (.text:ICall_primFree$6)
                  00008904    0000000c     icall.obj (.text:ICall_primSignal$6)
                  00008910    0000000c     driverlib.lib : cpu.obj (.text:NOROM_CPUcpsid)
                  0000891c    0000000c                   : cpu.obj (.text:NOROM_CPUcpsie)
                  00008928    0000000c     drivers_cc26xxware.aem3 : PowerCC26XX.oem3 (.text:Power_getConstraintMask)
                  00008934    0000000c                             : PowerCC26XX.oem3 (.text:Power_getDependencyCount)
                  00008940    0000000c                             : PowerCC26XX.oem3 (.text:Power_getTransitionState)
                  0000894c    0000000c     rtsv7M3_T_le_eabi.lib : _lock.c.obj (.text:_register_lock)
                  00008958    0000000c                           : _lock.c.obj (.text:_register_unlock)
                  00008964    0000000c                           : copy_zero_init.c.obj (.text:decompress:ZI:__TI_zero_init)
                  00008970    0000000c     icall_api.obj (.text:matchProfileSetParamCS$9)
                  0000897c    0000000c     scif_framework.obj (.text:osalUnlockCtrlTaskNbl$17)
                  00008988    0000000c     rtsv7M3_T_le_eabi.lib : fputc.c.obj (.text:putchar)
                  00008994    0000000c     rom_sysbios.aem3 : rom_sysbios.obj (.text:ti_sysbios_BIOS_getThreadType__E)
                  000089a0    0000000c                      : rom_sysbios_config.obj (.text:ti_sysbios_hal_Hwi_Params__init__S)
                  000089ac    0000000c                      : rom_sysbios.obj (.text:ti_sysbios_knl_Swi_getTrigger__E)
                  000089b8    0000000c     app_ble_uartlog_pem3.oem3 (.text:xdc_runtime_Startup_reset__I)
                  000089c4    0000000c     rom_sysbios.aem3 : rom_sysbios.obj (.text:xdc_runtime_Startup_rtsDone__E)
                  000089d0    0000000c                      : rom_sysbios.obj (.text:xdc_runtime_SysStd_exit__E)
                  000089dc    0000000a     icall_cc2650.obj (.text:ICallPlatform_pwrSwitchXOSCHF)
                  000089e6    0000000a     icall.obj (.text:ICall_primE2S$6)
                  000089f0    0000000a     drivers_cc26xxware.aem3 : List.oem3 (.text:List_empty)
                  000089fa    0000000a     scTask.obj (.text:SC_ctrlReadyHwiCb$1)
                  00008a04    0000000a     scTask.obj (.text:SC_taskAlertHwiCb$1)
                  00008a0e    0000000a     rom_sysbios.aem3 : rom_sysbios.obj (.text:xdc_runtime_LoggerCallback_disable__E)
                  00008a18    0000000a                      : rom_sysbios.obj (.text:xdc_runtime_LoggerCallback_enable__E)
                  00008a22    00000008     rf_singleMode_cc26xxware.aem3 : RFCC26XX_singleMode.oem3 (.text:RF_flushCmd)
                  00008a2a    00000008     icall_api.obj (.text:matchHciExtConnEventNoticeCS$9)
                  00008a32    00000006     rf_singleMode_cc26xxware.aem3 : RFCC26XX_singleMode.oem3 (.text:clkInactivityFxn)
                  00008a38    00000006     icall_api.obj (.text:matchBondMgrSetParamCS$9)
                  00008a3e    00000006     icall_api.obj (.text:matchGGSSetParamCS$9)
                  00008a44    00000006     icall_api.obj (.text:matchGapConnParamUpdateReplyCS$9)
                  00008a4a    00000006     icall_api.obj (.text:matchGapDeviceInitCS$9)
                  00008a50    00000006     icall_api.obj (.text:matchGapEndDiscoverableCS$9)
                  00008a56    00000006     icall_api.obj (.text:matchGapGetParamCS$9)
                  00008a5c    00000006     icall_api.obj (.text:matchGapMakeDiscoverableCS$9)
                  00008a62    00000006     icall_api.obj (.text:matchGapSetParamCS$9)
                  00008a68    00000006     icall_api.obj (.text:matchGapTerminateAuthCS$9)
                  00008a6e    00000006     icall_api.obj (.text:matchGapTerminateLinkReqCS$9)
[...]
1001c291  ti_sysbios_hal_Hwi_HwiProxy_switchFromBootStack__E                        
1001c295  ti_sysbios_hal_Hwi_delete                                                 
1001c299  ti_sysbios_hal_Hwi_switchFromBootStack__E                                 
1001c299  ti_sysbios_hal_Hwi_switchFromBootStack__E                                 
1001c29d  ti_sysbios_heaps_HeapMem_Module_GateProxy_enter__E                        
1001c2a1  ti_sysbios_heaps_HeapMem_Module_GateProxy_leave__E                        
1001c2a5  ti_sysbios_heaps_HeapMem_isBlocking__E                                    
1001c2a9  ti_sysbios_knl_Clock_TimerProxy_Module__startupDone__S                    
1001c2ad  ti_sysbios_knl_Clock_TimerProxy_getExpiredTicks__E                        
1001c2b1  ti_sysbios_knl_Clock_TimerProxy_getPeriod__E                              
1001c2b5  ti_sysbios_knl_Clock_delete                                               
1001c2b9  ti_sysbios_knl_Clock_destruct                                             
1001c2bd  ti_sysbios_knl_Clock_removeI__E                                           
1001c2c1  ti_sysbios_knl_Clock_setTimeout__E                                        
1001c2c5  ti_sysbios_knl_Mailbox_delete                                             
1001c2c9  ti_sysbios_knl_Mailbox_destruct                                           
1001c2cd  ti_sysbios_knl_Queue_delete                                               
1001c2d1  ti_sysbios_knl_Queue_destruct                                             
1001c2d5  ti_sysbios_knl_Queue_head__E                                              
1001c2d9  ti_sysbios_knl_Queue_next__E                                              
1001c2dd  ti_sysbios_knl_Semaphore_delete                                           
1001c2e1  ti_sysbios_knl_Semaphore_destruct                                         
1001c2e5  ti_sysbios_knl_Swi_delete                                                 
1001c2e9  ti_sysbios_knl_Swi_destruct                                               
1001c2ed  ti_sysbios_knl_Swi_postInit__I                                            
1001c2f1  ti_sysbios_knl_Task_SupportProxy_Module__startupDone__S                   
1001c2f5  ti_sysbios_knl_Task_SupportProxy_getStackAlignment__E                     
1001c2f9  ti_sysbios_knl_Task_SupportProxy_start__E                                 
1001c2fd  ti_sysbios_knl_Task_SupportProxy_swap__E                                  
1001c301  ti_sysbios_knl_Task_delete                                                
1001c305  ti_sysbios_knl_Task_destruct                                              
1001c309  ti_sysbios_knl_Task_startup__E                                            
1001c30d  xdc_runtime_Startup_startMods__I                                          
1001c405  xdc_runtime_Core_createObject__I                                          
1001c487  xdc_runtime_Error_policySpin__E                                           
1001c489  xdc_runtime_Memory_alloc__E                                               
1001c4f9  xdc_runtime_Core_deleteObject__I                                          
1001c559  xdc_runtime_Startup_exec__E                                               
1001c5a9  xdc_runtime_Assert_raise__I                                               
1001c5f1  xdc_runtime_Core_assignParams__I                                          
1001c639  xdc_runtime_Core_constructObject__I                                       
1001c681  xdc_runtime_System_atexit__E                                              
1001c6b9  xdc_runtime_System_processAtExit__E                                       
1001c6ed  xdc_runtime_Core_assignLabel__I                                           
1001c71d  xdc_runtime_Text_cordText__E                                              
1001c749  xdc_runtime_System_abort__E                                               
1001c769  xdc_runtime_Error_raiseX__E                                               
1001c785  xdc_runtime_Memory_valloc__E                                              
1001c7a1  xdc_runtime_Core_destructObject__I                                        
1001c7b9  xdc_runtime_Error_check__E                                                
1001c7d1  xdc_runtime_System_exit__E                                                
1001c7e9  xdc_runtime_Text_ropeText__E                                              
1001c801  xdc_runtime_Memory_free__E                                                
1001c811  xdc_runtime_SysCallback_abort__E                                          
1001c821  xdc_runtime_SysCallback_exit__E                                           
1001c831  xdc_runtime_Timestamp_SupportProxy_get32__E                               
1001c831  xdc_runtime_Timestamp_get32__E                                            
1001c831  xdc_runtime_Timestamp_get32__E                                            
1001c841  xdc_runtime_Error_init__E                                                 
1001c84d  xdc_runtime_Memory_calloc__E                                              
1001c859  xdc_runtime_Memory_getMaxDefaultTypeAlign__E                              
1001c879  xdc_runtime_Gate_leaveSystem__E                                           
1001c87f  xdc_runtime_System_Module_startup__E                                      
1001c885  xdc_runtime_Gate_enterSystem__E                                           
1001c889  xdc_runtime_Memory_HeapProxy_alloc__E                                     
1001c88d  xdc_runtime_Memory_HeapProxy_free__E                                      
1001c891  xdc_runtime_System_Module_GateProxy_enter__E                              
1001c895  xdc_runtime_System_Module_GateProxy_leave__E                              
1001c899  xdc_runtime_System_abortSpin__E                                           
1001c89b  xdc_runtime_System_exitSpin__E                                            
1001c89d  ti_sysbios_family_arm_m3_Hwi_dispatch__I                                  
1001c96d  ti_sysbios_family_arm_m3_TaskSupport_buildTaskStack                       
1001c9b9  ti_sysbios_family_arm_m3_Hwi_initStacks__E                                
1001ca01  ti_sysbios_family_arm_m3_Hwi_excHandlerAsm__I                             
1001ca21  ti_sysbios_family_xxx_Hwi_switchAndRunFunc                                
1001ca3f  ti_sysbios_family_arm_m3_Hwi_pendSV__I                                    
1001ca57  ti_sysbios_family_arm_m3_Hwi_return                                       
1001ca59  ti_sysbios_family_arm_m3_TaskSupport_glue                                 
1001ca69  ti_sysbios_family_arm_m3_TaskSupport_swap__E                              
1001ca69  ti_sysbios_knl_Task_SupportProxy_swap__E__mangled__                       
1001ca71  ti_sysbios_knl_Task_swapReturn                                            
1001ca9b  ti_sysbios_rom_cortexm_cc26xx_CC26xx_getRevision__E                       
20000000  ti_sysbios_family_arm_m3_Hwi_ramVectors                                   
20000100  ti_sysbios_knl_Task_Module__state__V                                      
20000144  ti_sysbios_family_arm_m3_Hwi_Module__state__V                             
20000178  ti_sysbios_knl_Clock_Module__state__V                                     
200001a4  ti_sysbios_BIOS_Module__state__V                                          
200001c8  ti_sysbios_knl_Swi_Module__state__V                                       
200001e4  ti_sysbios_family_arm_cc26xx_Timer_Module__state__V                       
200001ec  ti_sysbios_family_arm_cc26xx_TimestampProvider_Module__state__V           
200001f0  xdc_runtime_Startup_Module__state__V                                      
200001f8  xdc_runtime_System_Module__state__V                                       
20000200  xdc_runtime_Memory_Module__state__V                                       
20000208  uartLog_tail                                                              
20000209  uartLog_head                                                              
2000020a  uartLog_evBufIsEmpty                                                      
2000020c  uartLog_evtNum                                                            
20000214  uartLog_outBuf                                                            
200002c0  uartLog_evBuf                                                             
200007d8  dispHandle                                                                
200007e4  transInterval                                                             
20000844  ledPinTable                                                               
20000864  przTask                                                                   
200008b4  przTaskStack                                                              
20000bd4  linkDBNumConns                                                            
20000ce8  gapRoleTask                                                               
20000d38  gapRoleTaskStack                                                          
20001114  __TI_ft_end                                                               
20001118  __TI_tmpnams                                                              
200011b8  _ftable                                                                   
200012a8  PowerCC26XX_module                                                        
200014ac  _stream                                                                   
200014fc  _device                                                                   
20001574  VDDstatus                                                                 
20001576  frequency                                                                 
20001578  VDDarray                                                                  
2000157c  OmegaAve                                                                  
20001580  OmegaAveArray                                                             
20001584  Grad                                                                      
20001588  GradArray                                                                 
2000158c  GradArray2                                                                
20001590  time_tot                                                                  
20001594  n                                                                         
20001598  incInterval                                                               
200015a0  OmegaArray                                                                
200015a6  time_high                                                                 
200015ac  time_low                                                                  
200015b2  voltageArray                                                              
200015c8  ledPINTable                                                               
20001608  ICall_dispatcher                                                          
20001610  ICall_enterCriticalSection                                                
20001614  ICall_leaveCriticalSection                                                
2000162c  HEAPMGR_SIZE                                                              
20001728  rfRegTbl                                                                  
20001778  ti_sysbios_knl_Task_Object__table__V                                      
200017c8  ti_sysbios_family_arm_cc26xx_Timer_Object__table__V                       
20001848  ti_sysbios_gates_GateMutex_Object__table__V                               
20001880  ti_sysbios_knl_Swi_Module_State_0_readyQ__A                               
200018b0  ti_sysbios_knl_Swi_Object__table__V                                       
200018e0  ti_sysbios_knl_Task_Module_State_0_readyQ__A                              
20001910  user0Cfg                                                                  
20001940  ti_sysbios_knl_Clock_Object__table__V                                     
20001960  ti_sysbios_family_arm_m3_Hwi_Object__table__V                             
20001978  ti_sysbios_heaps_HeapMem_Object__table__V                                 
20001990  xdc_runtime_LoggerCallback_Object__table__V                               
200019a0  __TI_cleanup_ptr                                                          
200019a4  __TI_dtors_ptr                                                            
200019a8  __TI_enable_exit_profile_output                                           
200019ac  lastAppOpcodeSent                                                         
200019b0  pfnBMAlloc                                                                
200019b4  pfnBMFree                                                                 
200019c4  _lock                                                                     
200019c8  _unlock                                                                   
200019d4  ti_sysbios_family_arm_m3_Hwi_Module__root__V                              
200019dc  ti_sysbios_gates_GateHwi_Module__root__V                                  
200019e4  ti_sysbios_gates_GateMutex_Module__root__V                                
200019ec  ti_sysbios_hal_Hwi_Module__root__V                                        
200019f4  ti_sysbios_heaps_HeapMem_Module__root__V                                  
200019fc  ti_sysbios_knl_Clock_Module__root__V                                      
20001a04  ti_sysbios_knl_Mailbox_Module__root__V                                    
20001a0c  ti_sysbios_knl_Queue_Module__root__V                                      
20001a14  ti_sysbios_knl_Semaphore_Module__root__V                                  
20001a1c  ti_sysbios_knl_Swi_Module__root__V                                        
20001a24  ti_sysbios_knl_Task_Module__root__V                                       
20001a2c  xdc_runtime_LoggerCallback_Module__root__V                                
20001a34  appAssertCback                                                            
20001a38  main_func_sp                                                              
20001a3c  ti_sysbios_family_arm_m3_Hwi_Module_State_0_excContext__A                 
20001a40  ti_sysbios_family_arm_m3_Hwi_Module_State_0_excStack__A                   
20001a44  ti_sysbios_knl_Task_Module_State_0_idleTask__A                            
20001a4a  ti_sysbios_family_arm_m3_Hwi_Module_State_0_excActive__A                  
20001a50  ti_sysbios_heaps_HeapMem_Instance_State_0_buf__A                          
200020d0  ti_sysbios_knl_Task_Instance_State_0_stack__A                             
200022d0  __CIOBUF_                                                                 
200024f0  ti_sysbios_family_arm_m3_Hwi_dispatchTable                                
200025b8  PIN_HandleTable                                                           
200027f8  parmbuf                                                                   
20002800  PIN_NumPins                                                               
20002824  trngCC26XXObjects                                                         
20002830  driverlib_release_0_46593                                                 
20002833  heapStart                                                                 
20003f48  __stack                                                                   
20003f48  heapEnd                                                                   
20004348  __STACK_END                                                               
20004348  __STACK_TOP                                                               
20004f2c  A4_rw                                                                     
20004f2c  COMMON_RAM_BASE_ADDR                                                      
20004f40  P2_rw                                                                     
20004f40  P2_s0                                                                     
20004f40  eccRom_windowSize                                                         
20004f44  eccRom_workzone                                                           
20004f48  eccRom_param_p                                                            
20004f4c  eccRom_param_r                                                            
20004f50  eccRom_param_a                                                            
20004f54  inScalar                                                                  
20004f58  inPointX                                                                  
20004f5c  inPointY                                                                  
20004f60  outPointX                                                                 
20004f64  outPointY                                                                 
20004f68  SCAL                                                                      
20004f6c  EXPX                                                                      
20004f70  EXPY                                                                      
20004f74  EXPZ                                                                      
20004f78  EXPW                                                                      
20004f7c  ACCX                                                                      
20004f80  ACCY                                                                      
20004f84  ACCZ                                                                      
20004f88  TMP1                                                                      
20004f8c  TMP2                                                                      
20004f90  TMP3                                                                      
20004f94  TMP4                                                                      
20004f98  TMP5                                                                      
20004f9c  TMP6                                                                      
20004fa0  eccRom_param_Gx                                                           
20004fa4  eccRom_param_Gy                                                           
20004fa8  eccRom_param_b                                                            
20004fac  P2_zi                                                                     
20004fac  ratChanInfo                                                               
20004fcc  fwInfoCmd                                                                 
20004fd8  MSBMOD                                                                    
20004fdc  aux64                                                                     
20004fe4  MOD                                                                       
20004fe8  LEN                                                                       
20004ffc  pSspAesEncrypt_Sw                                                         
e000e000  ti_sysbios_family_arm_m3_Hwi_nvic                                         
ffffffff  __TI_pprof_out_hndl                                                       
ffffffff  __TI_prof_data_size                                                       
ffffffff  __TI_prof_data_start                                                      
ffffffff  __binit__                                                                 
ffffffff  binit                                                                     
UNDEFED   SHT$$INIT_ARRAY$$Base                                                     
UNDEFED   SHT$$INIT_ARRAY$$Limit                                                    

[1098 symbols]
